Archive member included because of file (symbol)

c:/program files (x86)/atmel/atmel toolchain/arm gcc/native/4.8.1443/arm-gnu-toolchain/bin/../lib/gcc/arm-none-eabi/4.8.4/armv6-m\libgcc.a(_udivsi3.o)
                              src/ASF/common2/services/delay/sam0/systick_counter.o (__aeabi_uidiv)
c:/program files (x86)/atmel/atmel toolchain/arm gcc/native/4.8.1443/arm-gnu-toolchain/bin/../lib/gcc/arm-none-eabi/4.8.4/armv6-m\libgcc.a(_dvmd_tls.o)
                              c:/program files (x86)/atmel/atmel toolchain/arm gcc/native/4.8.1443/arm-gnu-toolchain/bin/../lib/gcc/arm-none-eabi/4.8.4/armv6-m\libgcc.a(_udivsi3.o) (__aeabi_idiv0)
c:/program files (x86)/atmel/atmel toolchain/arm gcc/native/4.8.1443/arm-gnu-toolchain/bin/../lib/gcc/arm-none-eabi/4.8.4/armv6-m\libgcc.a(_muldi3.o)
                              src/ASF/sam0/drivers/sercom/sercom.o (__aeabi_lmul)
c:/program files (x86)/atmel/atmel toolchain/arm gcc/native/4.8.1443/arm-gnu-toolchain/bin/../lib/gcc/arm-none-eabi/4.8.4/../../../../arm-none-eabi/lib/armv6-m\libc_s.a(lib_a-atoi.o)
                              src/main.o (atoi)
c:/program files (x86)/atmel/atmel toolchain/arm gcc/native/4.8.1443/arm-gnu-toolchain/bin/../lib/gcc/arm-none-eabi/4.8.4/../../../../arm-none-eabi/lib/armv6-m\libc_s.a(lib_a-exit.o)
                              c:/program files (x86)/atmel/atmel toolchain/arm gcc/native/4.8.1443/arm-gnu-toolchain/bin/../lib/gcc/arm-none-eabi/4.8.4/../../../../arm-none-eabi/lib/armv6-m/crt0.o (exit)
c:/program files (x86)/atmel/atmel toolchain/arm gcc/native/4.8.1443/arm-gnu-toolchain/bin/../lib/gcc/arm-none-eabi/4.8.4/../../../../arm-none-eabi/lib/armv6-m\libc_s.a(lib_a-impure.o)
                              c:/program files (x86)/atmel/atmel toolchain/arm gcc/native/4.8.1443/arm-gnu-toolchain/bin/../lib/gcc/arm-none-eabi/4.8.4/../../../../arm-none-eabi/lib/armv6-m\libc_s.a(lib_a-exit.o) (_global_impure_ptr)
c:/program files (x86)/atmel/atmel toolchain/arm gcc/native/4.8.1443/arm-gnu-toolchain/bin/../lib/gcc/arm-none-eabi/4.8.4/../../../../arm-none-eabi/lib/armv6-m\libc_s.a(lib_a-init.o)
                              c:/program files (x86)/atmel/atmel toolchain/arm gcc/native/4.8.1443/arm-gnu-toolchain/bin/../lib/gcc/arm-none-eabi/4.8.4/../../../../arm-none-eabi/lib/armv6-m/crt0.o (__libc_init_array)
c:/program files (x86)/atmel/atmel toolchain/arm gcc/native/4.8.1443/arm-gnu-toolchain/bin/../lib/gcc/arm-none-eabi/4.8.4/../../../../arm-none-eabi/lib/armv6-m\libc_s.a(lib_a-memcpy-stub.o)
                              src/ASF/sam0/drivers/sercom/sercom_interrupt.o (memcpy)
c:/program files (x86)/atmel/atmel toolchain/arm gcc/native/4.8.1443/arm-gnu-toolchain/bin/../lib/gcc/arm-none-eabi/4.8.4/../../../../arm-none-eabi/lib/armv6-m\libc_s.a(lib_a-memset.o)
                              c:/program files (x86)/atmel/atmel toolchain/arm gcc/native/4.8.1443/arm-gnu-toolchain/bin/../lib/gcc/arm-none-eabi/4.8.4/../../../../arm-none-eabi/lib/armv6-m/crt0.o (memset)
c:/program files (x86)/atmel/atmel toolchain/arm gcc/native/4.8.1443/arm-gnu-toolchain/bin/../lib/gcc/arm-none-eabi/4.8.4/../../../../arm-none-eabi/lib/armv6-m\libc_s.a(lib_a-printf.o)
                              src/ASF/sam0/utils/syscalls/gcc/syscalls.o (printf)
c:/program files (x86)/atmel/atmel toolchain/arm gcc/native/4.8.1443/arm-gnu-toolchain/bin/../lib/gcc/arm-none-eabi/4.8.4/../../../../arm-none-eabi/lib/armv6-m\libc_s.a(lib_a-sprintf.o)
                              src/main.o (sprintf)
c:/program files (x86)/atmel/atmel toolchain/arm gcc/native/4.8.1443/arm-gnu-toolchain/bin/../lib/gcc/arm-none-eabi/4.8.4/../../../../arm-none-eabi/lib/armv6-m\libc_s.a(lib_a-strtok.o)
                              src/main.o (strtok)
c:/program files (x86)/atmel/atmel toolchain/arm gcc/native/4.8.1443/arm-gnu-toolchain/bin/../lib/gcc/arm-none-eabi/4.8.4/../../../../arm-none-eabi/lib/armv6-m\libc_s.a(lib_a-strtok_r.o)
                              c:/program files (x86)/atmel/atmel toolchain/arm gcc/native/4.8.1443/arm-gnu-toolchain/bin/../lib/gcc/arm-none-eabi/4.8.4/../../../../arm-none-eabi/lib/armv6-m\libc_s.a(lib_a-strtok.o) (__strtok_r)
c:/program files (x86)/atmel/atmel toolchain/arm gcc/native/4.8.1443/arm-gnu-toolchain/bin/../lib/gcc/arm-none-eabi/4.8.4/../../../../arm-none-eabi/lib/armv6-m\libc_s.a(lib_a-strtol.o)
                              c:/program files (x86)/atmel/atmel toolchain/arm gcc/native/4.8.1443/arm-gnu-toolchain/bin/../lib/gcc/arm-none-eabi/4.8.4/../../../../arm-none-eabi/lib/armv6-m\libc_s.a(lib_a-atoi.o) (_strtol_r)
c:/program files (x86)/atmel/atmel toolchain/arm gcc/native/4.8.1443/arm-gnu-toolchain/bin/../lib/gcc/arm-none-eabi/4.8.4/../../../../arm-none-eabi/lib/armv6-m\libc_s.a(lib_a-svfprintf.o)
[...]
Memory Configuration

Name             Origin             Length             Attributes
rom              0x00000000         0x00040000         xr
ram              0x20000000         0x00008000         xrw
*default*        0x00000000         0xffffffff

Linker script and memory map

LOAD c:/program files (x86)/atmel/atmel toolchain/arm gcc/native/4.8.1443/arm-gnu-toolchain/bin/../lib/gcc/arm-none-eabi/4.8.4/armv6-m/crti.o
LOAD c:/program files (x86)/atmel/atmel toolchain/arm gcc/native/4.8.1443/arm-gnu-toolchain/bin/../lib/gcc/arm-none-eabi/4.8.4/armv6-m/crtbegin.o
LOAD c:/program files (x86)/atmel/atmel toolchain/arm gcc/native/4.8.1443/arm-gnu-toolchain/bin/../lib/gcc/arm-none-eabi/4.8.4/../../../../arm-none-eabi/lib/armv6-m/crt0.o
LOAD src/ASF/common2/services/delay/sam0/systick_counter.o
LOAD src/ASF/sam0/drivers/sercom/sercom.o
LOAD src/ASF/sam0/drivers/sercom/sercom_interrupt.o
LOAD src/ASF/sam0/drivers/sercom/usart/usart.o
LOAD src/ASF/sam0/drivers/sercom/usart/usart_interrupt.o
LOAD src/ASF/sam0/drivers/tc/tc_sam_d_r/tc.o
LOAD src/ASF/sam0/drivers/tc/tc_interrupt.o
LOAD src/ASF/common/utils/interrupt/interrupt_sam_nvic.o
LOAD src/ASF/sam0/boards/samd20_xplained_pro/board_init.o
LOAD src/ASF/sam0/drivers/port/port.o
LOAD src/ASF/sam0/drivers/system/clock/clock_samd20/clock.o
LOAD src/ASF/sam0/drivers/system/clock/clock_samd20/gclk.o
LOAD src/ASF/sam0/drivers/system/interrupt/system_interrupt.o
LOAD src/ASF/sam0/drivers/system/pinmux/pinmux.o
LOAD src/ASF/sam0/drivers/system/system.o
LOAD src/ASF/sam0/utils/cmsis/samd20/source/gcc/startup_samd20.o
LOAD src/ASF/sam0/utils/cmsis/samd20/source/system_samd20.o
LOAD src/ASF/sam0/utils/syscalls/gcc/syscalls.o
LOAD src/main.o
START GROUP
LOAD ../src/ASF/thirdparty/CMSIS/Lib/GCC\libarm_cortexM0l_math.a
LOAD c:/program files (x86)/atmel/atmel toolchain/arm gcc/native/4.8.1443/arm-gnu-toolchain/bin/../lib/gcc/arm-none-eabi/4.8.4/../../../../arm-none-eabi/lib/armv6-m\libm.a
END GROUP
START GROUP
LOAD c:/program files (x86)/atmel/atmel toolchain/arm gcc/native/4.8.1443/arm-gnu-toolchain/bin/../lib/gcc/arm-none-eabi/4.8.4/armv6-m\libgcc.a
LOAD c:/program files (x86)/atmel/atmel toolchain/arm gcc/native/4.8.1443/arm-gnu-toolchain/bin/../lib/gcc/arm-none-eabi/4.8.4/../../../../arm-none-eabi/lib/armv6-m\libc_s.a
END GROUP
START GROUP
LOAD c:/program files (x86)/atmel/atmel toolchain/arm gcc/native/4.8.1443/arm-gnu-toolchain/bin/../lib/gcc/arm-none-eabi/4.8.4/armv6-m\libgcc.a
LOAD c:/program files (x86)/atmel/atmel toolchain/arm gcc/native/4.8.1443/arm-gnu-toolchain/bin/../lib/gcc/arm-none-eabi/4.8.4/../../../../arm-none-eabi/lib/armv6-m\libc_s.a
END GROUP
LOAD c:/program files (x86)/atmel/atmel toolchain/arm gcc/native/4.8.1443/arm-gnu-toolchain/bin/../lib/gcc/arm-none-eabi/4.8.4/armv6-m/crtend.o
LOAD c:/program files (x86)/atmel/atmel toolchain/arm gcc/native/4.8.1443/arm-gnu-toolchain/bin/../lib/gcc/arm-none-eabi/4.8.4/armv6-m/crtn.o
                0x00002000                STACK_SIZE = DEFINED (STACK_SIZE)?STACK_SIZE:DEFINED (__stack_size__)?__stack_size__:0x2000

.text           0x00000000     0x2930
                0x00000000                . = ALIGN (0x4)
                0x00000000                _sfixed = .
 *(.vectors .vectors.*)
 .vectors       0x00000000       0xa4 src/ASF/sam0/utils/cmsis/samd20/source/gcc/startup_samd20.o
                0x00000000                exception_table
 *(.text .text.* .gnu.linkonce.t.*)
 .text          0x000000a4       0x60 c:/program files (x86)/atmel/atmel toolchain/arm gcc/native/4.8.1443/arm-gnu-toolchain/bin/../lib/gcc/arm-none-eabi/4.8.4/armv6-m/crtbegin.o
 .text.delay_init
                0x00000104       0x3c src/ASF/common2/services/delay/sam0/systick_counter.o
                0x00000104                delay_init
 .text.delay_cycles_us
                0x00000140       0x2c src/ASF/common2/services/delay/sam0/systick_counter.o
                0x00000140                delay_cycles_us
 .text.delay_cycles_ms
                0x0000016c       0x2c src/ASF/common2/services/delay/sam0/systick_counter.o
                0x0000016c                delay_cycles_ms
 .text._sercom_get_sync_baud_val
                0x00000198       0x28 src/ASF/sam0/drivers/sercom/sercom.o
                0x00000198                _sercom_get_sync_baud_val
 .text._sercom_get_async_baud_val
                0x000001c0      0x1b0 src/ASF/sam0/drivers/sercom/sercom.o
                0x000001c0                _sercom_get_async_baud_val
 .text.sercom_set_gclk_generator
                0x00000370       0x50 src/ASF/sam0/drivers/sercom/sercom.o
                0x00000370                sercom_set_gclk_generator
 .text._sercom_get_default_pad
                0x000003c0      0x188 src/ASF/sam0/drivers/sercom/sercom.o
                0x000003c0                _sercom_get_default_pad
 .text._sercom_get_sercom_inst_index
                0x00000548       0x3c src/ASF/sam0/drivers/sercom/sercom.o
                0x00000548                _sercom_get_sercom_inst_index
 .text._sercom_default_handler
                0x00000584        0x4 src/ASF/sam0/drivers/sercom/sercom_interrupt.o
 .text._sercom_set_handler
                0x00000588       0x3c src/ASF/sam0/drivers/sercom/sercom_interrupt.o
                0x00000588                _sercom_set_handler
 .text._sercom_get_interrupt_vector
                0x000005c4       0x2c src/ASF/sam0/drivers/sercom/sercom_interrupt.o
                0x000005c4                _sercom_get_interrupt_vector
 .text.SERCOM0_Handler
                0x000005f0       0x10 src/ASF/sam0/drivers/sercom/sercom_interrupt.o
                0x000005f0                SERCOM0_Handler
 .text.SERCOM1_Handler
                0x00000600       0x10 src/ASF/sam0/drivers/sercom/sercom_interrupt.o
                0x00000600                SERCOM1_Handler
 .text.SERCOM2_Handler
                0x00000610       0x10 src/ASF/sam0/drivers/sercom/sercom_interrupt.o
                0x00000610                SERCOM2_Handler
 .text.SERCOM3_Handler
                0x00000620       0x10 src/ASF/sam0/drivers/sercom/sercom_interrupt.o
                0x00000620                SERCOM3_Handler
 .text.SERCOM4_Handler
                0x00000630       0x10 src/ASF/sam0/drivers/sercom/sercom_interrupt.o
                0x00000630                SERCOM4_Handler
 .text.SERCOM5_Handler
                0x00000640       0x10 src/ASF/sam0/drivers/sercom/sercom_interrupt.o
                0x00000640                SERCOM5_Handler
 .text.usart_init
                0x00000650      0x248 src/ASF/sam0/drivers/sercom/usart/usart.o
                0x00000650                usart_init
 .text.usart_register_callback
                0x00000898       0x18 src/ASF/sam0/drivers/sercom/usart/usart_interrupt.o
                0x00000898                usart_register_callback
 .text.usart_write_buffer_job
                0x000008b0       0x30 src/ASF/sam0/drivers/sercom/usart/usart_interrupt.o
                0x000008b0                usart_write_buffer_job
 .text.usart_read_buffer_job
                0x000008e0       0x30 src/ASF/sam0/drivers/sercom/usart/usart_interrupt.o
                0x000008e0                usart_read_buffer_job
 .text._usart_interrupt_handler
                0x00000910      0x130 src/ASF/sam0/drivers/sercom/usart/usart_interrupt.o
                0x00000910                _usart_interrupt_handler
 .text._tc_get_inst_index
                0x00000a40       0x40 src/ASF/sam0/drivers/tc/tc_sam_d_r/tc.o
                0x00000a40                _tc_get_inst_index
 .text.tc_init  0x00000a80      0x278 src/ASF/sam0/drivers/tc/tc_sam_d_r/tc.o
                0x00000a80                tc_init
 .text.tc_register_callback
                0x00000cf8       0x34 src/ASF/sam0/drivers/tc/tc_interrupt.o
                0x00000cf8                tc_register_callback
 .text._tc_interrupt_handler
                0x00000d2c       0x5c src/ASF/sam0/drivers/tc/tc_interrupt.o
                0x00000d2c                _tc_interrupt_handler
 .text.TC0_Handler
                0x00000d88       0x10 src/ASF/sam0/drivers/tc/tc_interrupt.o
                0x00000d88                TC0_Handler
 .text.TC1_Handler
                0x00000d98       0x10 src/ASF/sam0/drivers/tc/tc_interrupt.o
                0x00000d98                TC1_Handler
 .text.TC2_Handler
                0x00000da8       0x10 src/ASF/sam0/drivers/tc/tc_interrupt.o
                0x00000da8                TC2_Handler
 .text.TC3_Handler
                0x00000db8       0x10 src/ASF/sam0/drivers/tc/tc_interrupt.o
                0x00000db8                TC3_Handler
 .text.TC4_Handler
                0x00000dc8       0x10 src/ASF/sam0/drivers/tc/tc_interrupt.o
                0x00000dc8                TC4_Handler
 .text.TC5_Handler
                0x00000dd8       0x10 src/ASF/sam0/drivers/tc/tc_interrupt.o
                0x00000dd8                TC5_Handler
 .text.TC6_Handler
                0x00000de8       0x10 src/ASF/sam0/drivers/tc/tc_interrupt.o
                0x00000de8                TC6_Handler
 .text.TC7_Handler
                0x00000df8       0x10 src/ASF/sam0/drivers/tc/tc_interrupt.o
                0x00000df8                TC7_Handler
 .text.cpu_irq_enter_critical
                0x00000e08       0x40 src/ASF/common/utils/interrupt/interrupt_sam_nvic.o
                0x00000e08                cpu_irq_enter_critical
 .text.cpu_irq_leave_critical
                0x00000e48       0x30 src/ASF/common/utils/interrupt/interrupt_sam_nvic.o
                0x00000e48                cpu_irq_leave_critical
 .text.system_board_init
                0x00000e78       0x38 src/ASF/sam0/boards/samd20_xplained_pro/board_init.o
                0x00000e78                board_init
                0x00000e78                system_board_init
 .text.port_pin_set_config
                0x00000eb0       0x24 src/ASF/sam0/drivers/port/port.o
                0x00000eb0                port_pin_set_config
 .text.system_clock_source_get_hz
                0x00000ed4       0x80 src/ASF/sam0/drivers/system/clock/clock_samd20/clock.o
                0x00000ed4                system_clock_source_get_hz
 .text.system_clock_source_osc8m_set_config
                0x00000f54       0x3c src/ASF/sam0/drivers/system/clock/clock_samd20/clock.o
                0x00000f54                system_clock_source_osc8m_set_config
 .text.system_clock_source_xosc32k_set_config
                0x00000f90       0xb4 src/ASF/sam0/drivers/system/clock/clock_samd20/clock.o
                0x00000f90                system_clock_source_xosc32k_set_config
 .text.system_clock_source_enable
                0x00001044       0x90 src/ASF/sam0/drivers/system/clock/clock_samd20/clock.o
                0x00001044                system_clock_source_enable
 .text.system_clock_init
                0x000010d4       0xf0 src/ASF/sam0/drivers/system/clock/clock_samd20/clock.o
                0x000010d4                system_clock_init
 .text.system_gclk_init
                0x000011c4       0x24 src/ASF/sam0/drivers/system/clock/clock_samd20/gclk.o
                0x000011c4                system_gclk_init
 .text.system_gclk_gen_set_config
                0x000011e8       0xb4 src/ASF/sam0/drivers/system/clock/clock_samd20/gclk.o
                0x000011e8                system_gclk_gen_set_config
 .text.system_gclk_gen_enable
                0x0000129c       0x44 src/ASF/sam0/drivers/system/clock/clock_samd20/gclk.o
                0x0000129c                system_gclk_gen_enable
 .text.system_gclk_gen_get_hz
                0x000012e0       0x8c src/ASF/sam0/drivers/system/clock/clock_samd20/gclk.o
                0x000012e0                system_gclk_gen_get_hz
 .text.system_gclk_chan_enable
                0x0000136c       0x30 src/ASF/sam0/drivers/system/clock/clock_samd20/gclk.o
                0x0000136c                system_gclk_chan_enable
 .text.system_gclk_chan_disable
                0x0000139c       0x5c src/ASF/sam0/drivers/system/clock/clock_samd20/gclk.o
                0x0000139c                system_gclk_chan_disable
 .text.system_gclk_chan_set_config
                0x000013f8       0x1c src/ASF/sam0/drivers/system/clock/clock_samd20/gclk.o
                0x000013f8                system_gclk_chan_set_config
 .text.system_gclk_chan_get_hz
                0x00001414       0x34 src/ASF/sam0/drivers/system/clock/clock_samd20/gclk.o
                0x00001414                system_gclk_chan_get_hz
 .text._system_pinmux_config
                0x00001448       0x8c src/ASF/sam0/drivers/system/pinmux/pinmux.o
 .text.system_pinmux_pin_set_config
                0x000014d4       0x2c src/ASF/sam0/drivers/system/pinmux/pinmux.o
                0x000014d4                system_pinmux_pin_set_config
 .text._system_dummy_init
                0x00001500        0x4 src/ASF/sam0/drivers/system/system.o
                0x00001500                _system_events_init
                0x00001500                _system_dummy_init
                0x00001500                _system_extint_init
 .text.system_init
                0x00001504       0x24 src/ASF/sam0/drivers/system/system.o
                0x00001504                system_init
 .text.Dummy_Handler
                0x00001528        0x4 src/ASF/sam0/utils/cmsis/samd20/source/gcc/startup_samd20.o
                0x00001528                HardFault_Handler
                0x00001528                AC_Handler
                0x00001528                SysTick_Handler
                0x00001528                PendSV_Handler
                0x00001528                NMI_Handler
                0x00001528                ADC_Handler
                0x00001528                RTC_Handler
                0x00001528                EIC_Handler
                0x00001528                WDT_Handler
                0x00001528                Dummy_Handler
                0x00001528                PM_Handler
                0x00001528                SVC_Handler
                0x00001528                EVSYS_Handler
                0x00001528                NVMCTRL_Handler
                0x00001528                DAC_Handler
                0x00001528                PTC_Handler
                0x00001528                SYSCTRL_Handler
 .text.Reset_Handler
                0x0000152c       0x90 src/ASF/sam0/utils/cmsis/samd20/source/gcc/startup_samd20.o
                0x0000152c                Reset_Handler
 .text._sbrk    0x000015bc       0x24 src/ASF/sam0/utils/syscalls/gcc/syscalls.o
                0x000015bc                _sbrk
 .text.usart_write_callback
                0x000015e0       0x10 src/main.o
                0x000015e0                usart_write_callback
 .text.usart_read_callback
                0x000015f0       0x38 src/main.o
                0x000015f0                usart_read_callback
 .text.configure_tc
                0x00001628       0x98 src/main.o
                0x00001628                configure_tc
 .text.configure_tc_callbacks
                0x000016c0       0x9c src/main.o
                0x000016c0                configure_tc_callbacks
 .text.configure_port_pins
                0x0000175c       0x3c src/main.o
                0x0000175c                configure_port_pins
 .text.step_yaw
                0x00001798       0x2c src/main.o
                0x00001798                step_yaw
 .text.tc_callback_to_toggle_yaw
                0x000017c4       0x78 src/main.o
                0x000017c4                tc_callback_to_toggle_yaw
 .text.step_pitch
                0x0000183c       0x34 src/main.o
                0x0000183c                step_pitch
 .text.tc_callback_to_toggle_pitch
                0x00001870       0x4c src/main.o
                0x00001870                tc_callback_to_toggle_pitch
 .text.calculate_steps_to_move
                0x000018bc       0x44 src/main.o
                0x000018bc                calculate_steps_to_move
 .text.configure_usart
                0x00001900       0xa4 src/main.o
                0x00001900                configure_usart
 .text.configure_usart_callbacks
                0x000019a4       0x34 src/main.o
                0x000019a4                configure_usart_callbacks
 .text.new_serial_data
                0x000019d8       0x9c src/main.o
                0x000019d8                new_serial_data
 .text.main     0x00001a74       0xf4 src/main.o
                0x00001a74                main
 .text          0x00001b68       0x9c c:/program files (x86)/atmel/atmel toolchain/arm gcc/native/4.8.1443/arm-gnu-toolchain/bin/../lib/gcc/arm-none-eabi/4.8.4/armv6-m\libgcc.a(_udivsi3.o)
                0x00001b68                __aeabi_uidiv
                0x00001b68                __udivsi3
                0x00001bf0                __aeabi_uidivmod
 .text          0x00001c04        0x4 c:/program files (x86)/atmel/atmel toolchain/arm gcc/native/4.8.1443/arm-gnu-toolchain/bin/../lib/gcc/arm-none-eabi/4.8.4/armv6-m\libgcc.a(_dvmd_tls.o)
                0x00001c04                __aeabi_idiv0
                0x00001c04                __aeabi_ldiv0
 .text          0x00001c08       0x44 c:/program files (x86)/atmel/atmel toolchain/arm gcc/native/4.8.1443/arm-gnu-toolchain/bin/../lib/gcc/arm-none-eabi/4.8.4/armv6-m\libgcc.a(_muldi3.o)
                0x00001c08                __muldi3
                0x00001c08                __aeabi_lmul
 .text.atoi     0x00001c4c        0xc c:/program files (x86)/atmel/atmel toolchain/arm gcc/native/4.8.1443/arm-gnu-toolchain/bin/../lib/gcc/arm-none-eabi/4.8.4/../../../../arm-none-eabi/lib/armv6-m\libc_s.a(lib_a-atoi.o)
                0x00001c4c                atoi
 .text.__libc_init_array
                0x00001c58       0x4c c:/program files (x86)/atmel/atmel toolchain/arm gcc/native/4.8.1443/arm-gnu-toolchain/bin/../lib/gcc/arm-none-eabi/4.8.4/../../../../arm-none-eabi/lib/armv6-m\libc_s.a(lib_a-init.o)
                0x00001c58                __libc_init_array
 .text.memcpy   0x00001ca4       0x12 c:/program files (x86)/atmel/atmel toolchain/arm gcc/native/4.8.1443/arm-gnu-toolchain/bin/../lib/gcc/arm-none-eabi/4.8.4/../../../../arm-none-eabi/lib/armv6-m\libc_s.a(lib_a-memcpy-stub.o)
                0x00001ca4                memcpy
 *fill*         0x00001cb6        0x2 
 .text.sprintf  0x00001cb8       0x44 c:/program files (x86)/atmel/atmel toolchain/arm gcc/native/4.8.1443/arm-gnu-toolchain/bin/../lib/gcc/arm-none-eabi/4.8.4/../../../../arm-none-eabi/lib/armv6-m\libc_s.a(lib_a-sprintf.o)
                0x00001cb8                siprintf
                0x00001cb8                sprintf
 .text.strtok   0x00001cfc       0x64 c:/program files (x86)/atmel/atmel toolchain/arm gcc/native/4.8.1443/arm-gnu-toolchain/bin/../lib/gcc/arm-none-eabi/4.8.4/../../../../arm-none-eabi/lib/armv6-m\libc_s.a(lib_a-strtok.o)
                0x00001cfc                strtok
 .text.__strtok_r
                0x00001d60       0x5c c:/program files (x86)/atmel/atmel toolchain/arm gcc/native/4.8.1443/arm-gnu-toolchain/bin/../lib/gcc/arm-none-eabi/4.8.4/../../../../arm-none-eabi/lib/armv6-m\libc_s.a(lib_a-strtok_r.o)
                0x00001d60                __strtok_r
 .text._strtol_r
                0x00001dbc      0x114 c:/program files (x86)/atmel/atmel toolchain/arm gcc/native/4.8.1443/arm-gnu-toolchain/bin/../lib/gcc/arm-none-eabi/4.8.4/../../../../arm-none-eabi/lib/armv6-m\libc_s.a(lib_a-strtol.o)
                0x00001dbc                _strtol_r
 .text.strtol   0x00001ed0       0x1c c:/program files (x86)/atmel/atmel toolchain/arm gcc/native/4.8.1443/arm-gnu-toolchain/bin/../lib/gcc/arm-none-eabi/4.8.4/../../../../arm-none-eabi/lib/armv6-m\libc_s.a(lib_a-strtol.o)
                0x00001ed0                strtol
 .text.__ssputs_r
                0x00001eec       0xc0 c:/program files (x86)/atmel/atmel toolchain/arm gcc/native/4.8.1443/arm-gnu-toolchain/bin/../lib/gcc/arm-none-eabi/4.8.4/../../../../arm-none-eabi/lib/armv6-m\libc_s.a(lib_a-svfprintf.o)
                0x00001eec                __ssputs_r
 .text._svfprintf_r
                0x00001fac      0x1e0 c:/program files (x86)/atmel/atmel toolchain/arm gcc/native/4.8.1443/arm-gnu-toolchain/bin/../lib/gcc/arm-none-eabi/4.8.4/../../../../arm-none-eabi/lib/armv6-m\libc_s.a(lib_a-svfprintf.o)
                0x00001fac                _svfiprintf_r
                0x00001fac                _svfprintf_r
 .text._printf_common
                0x0000218c       0xe8 c:/program files (x86)/atmel/atmel toolchain/arm gcc/native/4.8.1443/arm-gnu-toolchain/bin/../lib/gcc/arm-none-eabi/4.8.4/../../../../arm-none-eabi/lib/armv6-m\libc_s.a(lib_a-vfprintf_i.o)
                0x0000218c                _printf_common
 .text._printf_i
                0x00002274      0x22c c:/program files (x86)/atmel/atmel toolchain/arm gcc/native/4.8.1443/arm-gnu-toolchain/bin/../lib/gcc/arm-none-eabi/4.8.4/../../../../arm-none-eabi/lib/armv6-m\libc_s.a(lib_a-vfprintf_i.o)
                0x00002274                _printf_i
 .text.malloc   0x000024a0       0x14 c:/program files (x86)/atmel/atmel toolchain/arm gcc/native/4.8.1443/arm-gnu-toolchain/bin/../lib/gcc/arm-none-eabi/4.8.4/../../../../arm-none-eabi/lib/armv6-m\libc_s.a(lib_a-malloc.o)
                0x000024a0                malloc
 .text.memchr   0x000024b4       0x16 c:/program files (x86)/atmel/atmel toolchain/arm gcc/native/4.8.1443/arm-gnu-toolchain/bin/../lib/gcc/arm-none-eabi/4.8.4/../../../../arm-none-eabi/lib/armv6-m\libc_s.a(lib_a-memchr-stub.o)
                0x000024b4                memchr
 .text.memmove  0x000024ca       0x32 c:/program files (x86)/atmel/atmel toolchain/arm gcc/native/4.8.1443/arm-gnu-toolchain/bin/../lib/gcc/arm-none-eabi/4.8.4/../../../../arm-none-eabi/lib/armv6-m\libc_s.a(lib_a-memmove.o)
                0x000024ca                memmove
 .text._free_r  0x000024fc       0x90 c:/program files (x86)/atmel/atmel toolchain/arm gcc/native/4.8.1443/arm-gnu-toolchain/bin/../lib/gcc/arm-none-eabi/4.8.4/../../../../arm-none-eabi/lib/armv6-m\libc_s.a(lib_a-nano-freer.o)
                0x000024fc                _free_r
 .text._malloc_r
                0x0000258c       0xa8 c:/program files (x86)/atmel/atmel toolchain/arm gcc/native/4.8.1443/arm-gnu-toolchain/bin/../lib/gcc/arm-none-eabi/4.8.4/../../../../arm-none-eabi/lib/armv6-m\libc_s.a(lib_a-nano-mallocr.o)
                0x0000258c                _malloc_r
 .text._realloc_r
                0x00002634       0x4c c:/program files (x86)/atmel/atmel toolchain/arm gcc/native/4.8.1443/arm-gnu-toolchain/bin/../lib/gcc/arm-none-eabi/4.8.4/../../../../arm-none-eabi/lib/armv6-m\libc_s.a(lib_a-nano-reallocr.o)
                0x00002634                _realloc_r
 .text._sbrk_r  0x00002680       0x24 c:/program files (x86)/atmel/atmel toolchain/arm gcc/native/4.8.1443/arm-gnu-toolchain/bin/../lib/gcc/arm-none-eabi/4.8.4/../../../../arm-none-eabi/lib/armv6-m\libc_s.a(lib_a-sbrkr.o)
                0x00002680                _sbrk_r
 .text.strlen   0x000026a4        0xe c:/program files (x86)/atmel/atmel toolchain/arm gcc/native/4.8.1443/arm-gnu-toolchain/bin/../lib/gcc/arm-none-eabi/4.8.4/../../../../arm-none-eabi/lib/armv6-m\libc_s.a(lib_a-strlen.o)
                0x000026a4                strlen
 .text._malloc_usable_size_r
                0x000026b2       0x12 c:/program files (x86)/atmel/atmel toolchain/arm gcc/native/4.8.1443/arm-gnu-toolchain/bin/../lib/gcc/arm-none-eabi/4.8.4/../../../../arm-none-eabi/lib/armv6-m\libc_s.a(lib_a-nano-msizer.o)
                0x000026b2                _malloc_usable_size_r
 *(.glue_7t)
 .glue_7t       0x00000000        0x0 linker stubs
 *(.glue_7)
 .glue_7        0x00000000        0x0 linker stubs
 *(.rodata .rodata* .gnu.linkonce.r.*)
 .rodata        0x000026c4       0x18 src/ASF/sam0/drivers/sercom/sercom.o
 .rodata        0x000026dc        0x8 src/ASF/sam0/drivers/sercom/sercom_interrupt.o
 .rodata        0x000026e4       0x38 src/ASF/sam0/drivers/tc/tc_sam_d_r/tc.o
 .rodata.system_clock_source_get_hz
                0x0000271c       0x20 src/ASF/sam0/drivers/system/clock/clock_samd20/clock.o
 .rodata.system_clock_source_enable
                0x0000273c       0x20 src/ASF/sam0/drivers/system/clock/clock_samd20/clock.o
 .rodata.tc_interrupt_vectors.9995
                0x0000275c        0x8 src/main.o
 .rodata.str1.4
                0x00002764       0x14 src/main.o
 .rodata.str1.1
                0x00002778        0x2 c:/program files (x86)/atmel/atmel toolchain/arm gcc/native/4.8.1443/arm-gnu-toolchain/bin/../lib/gcc/arm-none-eabi/4.8.4/../../../../arm-none-eabi/lib/armv6-m\libc_s.a(lib_a-impure.o)
 .rodata.str1.1
                0x0000277a       0x11 c:/program files (x86)/atmel/atmel toolchain/arm gcc/native/4.8.1443/arm-gnu-toolchain/bin/../lib/gcc/arm-none-eabi/4.8.4/../../../../arm-none-eabi/lib/armv6-m\libc_s.a(lib_a-svfprintf.o)
 .rodata.str1.1
                0x0000278b       0x22 c:/program files (x86)/atmel/atmel toolchain/arm gcc/native/4.8.1443/arm-gnu-toolchain/bin/../lib/gcc/arm-none-eabi/4.8.4/../../../../arm-none-eabi/lib/armv6-m\libc_s.a(lib_a-vfprintf_i.o)
 .rodata._ctype_
                0x000027ad      0x101 c:/program files (x86)/atmel/atmel toolchain/arm gcc/native/4.8.1443/arm-gnu-toolchain/bin/../lib/gcc/arm-none-eabi/4.8.4/../../../../arm-none-eabi/lib/armv6-m\libc_s.a(lib_a-ctype_.o)
                0x000027ad                _ctype_
 *fill*         0x000028ae        0x2 
 .rodata.__sf_fake_stdin
                0x000028b0       0x20 c:/program files (x86)/atmel/atmel toolchain/arm gcc/native/4.8.1443/arm-gnu-toolchain/bin/../lib/gcc/arm-none-eabi/4.8.4/../../../../arm-none-eabi/lib/armv6-m\libc_s.a(lib_a-findfp.o)
                0x000028b0                __sf_fake_stdin
 .rodata.__sf_fake_stdout
                0x000028d0       0x20 c:/program files (x86)/atmel/atmel toolchain/arm gcc/native/4.8.1443/arm-gnu-toolchain/bin/../lib/gcc/arm-none-eabi/4.8.4/../../../../arm-none-eabi/lib/armv6-m\libc_s.a(lib_a-findfp.o)
                0x000028d0                __sf_fake_stdout
 .rodata.__sf_fake_stderr
                0x000028f0       0x20 c:/program files (x86)/atmel/atmel toolchain/arm gcc/native/4.8.1443/arm-gnu-toolchain/bin/../lib/gcc/arm-none-eabi/4.8.4/../../../../arm-none-eabi/lib/armv6-m\libc_s.a(lib_a-findfp.o)
                0x000028f0                __sf_fake_stderr
 *(.ARM.extab* .gnu.linkonce.armextab.*)
                0x00002910                . = ALIGN (0x4)
 *(.init)
 .init          0x00002910        0x4 c:/program files (x86)/atmel/atmel toolchain/arm gcc/native/4.8.1443/arm-gnu-toolchain/bin/../lib/gcc/arm-none-eabi/4.8.4/armv6-m/crti.o
                0x00002910                _init
 .init          0x00002914        0x8 c:/program files (x86)/atmel/atmel toolchain/arm gcc/native/4.8.1443/arm-gnu-toolchain/bin/../lib/gcc/arm-none-eabi/4.8.4/armv6-m/crtn.o
                0x0000291c                . = ALIGN (0x4)
                0x0000291c                __preinit_array_start = .
 *(.preinit_array)
                0x0000291c                __preinit_array_end = .
                0x0000291c                . = ALIGN (0x4)
                0x0000291c                __init_array_start = .
 *(SORT(.init_array.*))
 *(.init_array)
 .init_array    0x0000291c        0x4 c:/program files (x86)/atmel/atmel toolchain/arm gcc/native/4.8.1443/arm-gnu-toolchain/bin/../lib/gcc/arm-none-eabi/4.8.4/armv6-m/crtbegin.o
                0x00002920                __init_array_end = .
                0x00002920                . = ALIGN (0x4)
 *crtbegin.o(.ctors)
 *(EXCLUDE_FILE(*crtend.o) .ctors)
 *(SORT(.ctors.*))
 *crtend.o(.ctors)
                0x00002920                . = ALIGN (0x4)
 *(.fini)
 .fini          0x00002920        0x4 c:/program files (x86)/atmel/atmel toolchain/arm gcc/native/4.8.1443/arm-gnu-toolchain/bin/../lib/gcc/arm-none-eabi/4.8.4/armv6-m/crti.o
                0x00002920                _fini
 .fini          0x00002924        0x8 c:/program files (x86)/atmel/atmel toolchain/arm gcc/native/4.8.1443/arm-gnu-toolchain/bin/../lib/gcc/arm-none-eabi/4.8.4/armv6-m/crtn.o
                0x0000292c                . = ALIGN (0x4)
                0x0000292c                __fini_array_start = .
 *(.fini_array)
 .fini_array    0x0000292c        0x4 c:/program files (x86)/atmel/atmel toolchain/arm gcc/native/4.8.1443/arm-gnu-toolchain/bin/../lib/gcc/arm-none-eabi/4.8.4/armv6-m/crtbegin.o
 *(SORT(.fini_array.*))
                0x00002930                __fini_array_end = .
 *crtbegin.o(.dtors)
 *(EXCLUDE_FILE(*crtend.o) .dtors)
 *(SORT(.dtors.*))
 *crtend.o(.dtors)
                0x00002930                . = ALIGN (0x4)
                0x00002930                _efixed = .
                0x00002930                PROVIDE (__exidx_start, .)

.vfp11_veneer   0x00002930        0x0
 .vfp11_veneer  0x00000000        0x0 linker stubs

.v4_bx          0x00002930        0x0
 .v4_bx         0x00000000        0x0 linker stubs

.iplt           0x00002930        0x0
 .iplt          0x00000000        0x0 c:/program files (x86)/atmel/atmel toolchain/arm gcc/native/4.8.1443/arm-gnu-toolchain/bin/../lib/gcc/arm-none-eabi/4.8.4/armv6-m/crtbegin.o

.eh_frame       0x00002930        0x0
 .eh_frame      0x00002930        0x0 c:/program files (x86)/atmel/atmel toolchain/arm gcc/native/4.8.1443/arm-gnu-toolchain/bin/../lib/gcc/arm-none-eabi/4.8.4/armv6-m/crtbegin.o

.rel.dyn        0x00002930        0x0
 .rel.iplt      0x00000000        0x0 c:/program files (x86)/atmel/atmel toolchain/arm gcc/native/4.8.1443/arm-gnu-toolchain/bin/../lib/gcc/arm-none-eabi/4.8.4/armv6-m/crtbegin.o

.jcr            0x00002930        0x0
 .jcr           0x00002930        0x0 c:/program files (x86)/atmel/atmel toolchain/arm gcc/native/4.8.1443/arm-gnu-toolchain/bin/../lib/gcc/arm-none-eabi/4.8.4/armv6-m/crtbegin.o

.igot.plt       0x00002930        0x0
 .igot.plt      0x00000000        0x0 c:/program files (x86)/atmel/atmel toolchain/arm gcc/native/4.8.1443/arm-gnu-toolchain/bin/../lib/gcc/arm-none-eabi/4.8.4/armv6-m/crtbegin.o

.ARM.exidx
 *(.ARM.exidx* .gnu.linkonce.armexidx.*)
                0x00002930                PROVIDE (__exidx_end, .)
                0x00002930                . = ALIGN (0x4)
                0x00002930                _etext = .

.relocate       0x20000000       0x74 load address 0x00002930
                0x20000000                . = ALIGN (0x4)
                0x20000000                _srelocate = .
 *(.ramfunc .ramfunc.*)
 *(.data .data.*)
 .data.cycles_per_us
                0x20000000        0x4 src/ASF/common2/services/delay/sam0/systick_counter.o
 .data.cycles_per_ms
                0x20000004        0x4 src/ASF/common2/services/delay/sam0/systick_counter.o
 .data.g_interrupt_enabled
                0x20000008        0x1 src/ASF/common/utils/interrupt/interrupt_sam_nvic.o
                0x20000008                g_interrupt_enabled
 *fill*         0x20000009        0x3 
 .data.impure_data
                0x2000000c       0x60 c:/program files (x86)/atmel/atmel toolchain/arm gcc/native/4.8.1443/arm-gnu-toolchain/bin/../lib/gcc/arm-none-eabi/4.8.4/../../../../arm-none-eabi/lib/armv6-m\libc_s.a(lib_a-impure.o)
 .data._impure_ptr
                0x2000006c        0x4 c:/program files (x86)/atmel/atmel toolchain/arm gcc/native/4.8.1443/arm-gnu-toolchain/bin/../lib/gcc/arm-none-eabi/4.8.4/../../../../arm-none-eabi/lib/armv6-m\libc_s.a(lib_a-impure.o)
                0x2000006c                _impure_ptr
 .data.__ctype_ptr__
                0x20000070        0x4 c:/program files (x86)/atmel/atmel toolchain/arm gcc/native/4.8.1443/arm-gnu-toolchain/bin/../lib/gcc/arm-none-eabi/4.8.4/../../../../arm-none-eabi/lib/armv6-m\libc_s.a(lib_a-ctype_.o)
                0x20000070                __ctype_ptr__
                0x20000074                . = ALIGN (0x4)
                0x20000074                _erelocate = .

.bss            0x20000074      0x140 load address 0x000029a4
                0x20000074                . = ALIGN (0x4)
                0x20000074                _sbss = .
                0x20000074                _szero = .
 *(.bss .bss.*)
 .bss           0x20000074       0x1c c:/program files (x86)/atmel/atmel toolchain/arm gcc/native/4.8.1443/arm-gnu-toolchain/bin/../lib/gcc/arm-none-eabi/4.8.4/armv6-m/crtbegin.o
 .bss._sercom_config
                0x20000090        0x4 src/ASF/sam0/drivers/sercom/sercom.o
 .bss._handler_table_initialized
                0x20000094        0x1 src/ASF/sam0/drivers/sercom/sercom_interrupt.o
 *fill*         0x20000095        0x3 
 .bss._sercom_interrupt_handlers
                0x20000098       0x18 src/ASF/sam0/drivers/sercom/sercom_interrupt.o
 .bss.cpu_irq_critical_section_counter
                0x200000b0        0x4 src/ASF/common/utils/interrupt/interrupt_sam_nvic.o
 .bss.cpu_irq_prev_interrupt_state
                0x200000b4        0x1 src/ASF/common/utils/interrupt/interrupt_sam_nvic.o
 *fill*         0x200000b5        0x3 
 .bss._system_clock_inst
                0x200000b8       0x14 src/ASF/sam0/drivers/system/clock/clock_samd20/clock.o
 .bss.heap.5097
                0x200000cc        0x4 src/ASF/sam0/utils/syscalls/gcc/syscalls.o
 .bss.serial_flag
                0x200000d0        0x1 src/main.o
                0x200000d0                serial_flag
 .bss.new_data_flag
                0x200000d1        0x1 src/main.o
                0x200000d1                new_data_flag
 *fill*         0x200000d2        0x2 
 .bss.__malloc_sbrk_start
                0x200000d4        0x4 c:/program files (x86)/atmel/atmel toolchain/arm gcc/native/4.8.1443/arm-gnu-toolchain/bin/../lib/gcc/arm-none-eabi/4.8.4/../../../../arm-none-eabi/lib/armv6-m\libc_s.a(lib_a-nano-mallocr.o)
                0x200000d4                __malloc_sbrk_start
 .bss.__malloc_free_list
                0x200000d8        0x4 c:/program files (x86)/atmel/atmel toolchain/arm gcc/native/4.8.1443/arm-gnu-toolchain/bin/../lib/gcc/arm-none-eabi/4.8.4/../../../../arm-none-eabi/lib/armv6-m\libc_s.a(lib_a-nano-mallocr.o)
                0x200000d8                __malloc_free_list
 *(COMMON)
 COMMON         0x200000dc       0x18 src/ASF/sam0/drivers/sercom/sercom_interrupt.o
                0x200000dc                _sercom_instances
 COMMON         0x200000f4       0x20 src/ASF/sam0/drivers/tc/tc_interrupt.o
                0x200000f4                _tc_instances
 COMMON         0x20000114       0x9c src/main.o
                0x20000114                steps_to_move
                0x2000011c                usart_instance
                0x20000140                rx_buffer_cpy
                0x20000150                goal_position
                0x20000158                rx_buffer
                0x20000168                tc_instance_yaw
                0x20000184                shoot
                0x20000188                current_position
                0x20000190                tc_instance_pitch
                0x200001ac                dummy
 COMMON         0x200001b0        0x4 c:/program files (x86)/atmel/atmel toolchain/arm gcc/native/4.8.1443/arm-gnu-toolchain/bin/../lib/gcc/arm-none-eabi/4.8.4/../../../../arm-none-eabi/lib/armv6-m\libc_s.a(lib_a-reent.o)
                0x200001b0                errno
                0x200001b4                . = ALIGN (0x4)
                0x200001b4                _ebss = .
                0x200001b4                _ezero = .

.stack          0x200001b4     0x2004 load address 0x00002ae4
                0x200001b8                . = ALIGN (0x8)
 *fill*         0x200001b4        0x4 
                0x200001b8                _sstack = .
                0x200021b8                . = (. + STACK_SIZE)
 *fill*         0x200001b8     0x2000 
                0x200021b8                . = ALIGN (0x8)
                0x200021b8                _estack = .
                0x200021b8                . = ALIGN (0x4)
                0x200021b8                _end = .
OUTPUT(gimbal_controller_v2.elf elf32-littlearm)

.ARM.attributes
                0x00000000       0x28
 .ARM.attributes
                0x00000000       0x1e c:/program files (x86)/atmel/atmel toolchain/arm gcc/native/4.8.1443/arm-gnu-toolchain/bin/../lib/gcc/arm-none-eabi/4.8.4/armv6-m/crti.o
 .ARM.attributes
                0x0000001e       0x2c c:/program files (x86)/atmel/atmel toolchain/arm gcc/native/4.8.1443/arm-gnu-toolchain/bin/../lib/gcc/arm-none-eabi/4.8.4/armv6-m/crtbegin.o
 .ARM.attributes
                0x0000004a       0x32 src/ASF/common2/services/delay/sam0/systick_counter.o
 .ARM.attributes
                0x0000007c       0x32 src/ASF/sam0/drivers/sercom/sercom.o
 .ARM.attributes
                0x000000ae       0x32 src/ASF/sam0/drivers/sercom/sercom_interrupt.o
 .ARM.attributes
                0x000000e0       0x32 src/ASF/sam0/drivers/sercom/usart/usart.o
 .ARM.attributes
                0x00000112       0x32 src/ASF/sam0/drivers/sercom/usart/usart_interrupt.o
 .ARM.attributes
                0x00000144       0x32 src/ASF/sam0/drivers/tc/tc_sam_d_r/tc.o
 .ARM.attributes
                0x00000176       0x32 src/ASF/sam0/drivers/tc/tc_interrupt.o
 .ARM.attributes
                0x000001a8       0x32 src/ASF/common/utils/interrupt/interrupt_sam_nvic.o
 .ARM.attributes
                0x000001da       0x32 src/ASF/sam0/boards/samd20_xplained_pro/board_init.o
 .ARM.attributes
                0x0000020c       0x32 src/ASF/sam0/drivers/port/port.o
 .ARM.attributes
                0x0000023e       0x32 src/ASF/sam0/drivers/system/clock/clock_samd20/clock.o
 .ARM.attributes
                0x00000270       0x32 src/ASF/sam0/drivers/system/clock/clock_samd20/gclk.o
 .ARM.attributes
                0x000002a2       0x32 src/ASF/sam0/drivers/system/pinmux/pinmux.o
 .ARM.attributes
                0x000002d4       0x32 src/ASF/sam0/drivers/system/system.o
 .ARM.attributes
                0x00000306       0x32 src/ASF/sam0/utils/cmsis/samd20/source/gcc/startup_samd20.o
 .ARM.attributes
                0x00000338       0x32 src/ASF/sam0/utils/syscalls/gcc/syscalls.o
 .ARM.attributes
                0x0000036a       0x32 src/main.o
 .ARM.attributes
                0x0000039c       0x1e c:/program files (x86)/atmel/atmel toolchain/arm gcc/native/4.8.1443/arm-gnu-toolchain/bin/../lib/gcc/arm-none-eabi/4.8.4/armv6-m\libgcc.a(_udivsi3.o)
 .ARM.attributes
                0x000003ba       0x1e c:/program files (x86)/atmel/atmel toolchain/arm gcc/native/4.8.1443/arm-gnu-toolchain/bin/../lib/gcc/arm-none-eabi/4.8.4/armv6-m\libgcc.a(_dvmd_tls.o)
 .ARM.attributes
                0x000003d8       0x2c c:/program files (x86)/atmel/atmel toolchain/arm gcc/native/4.8.1443/arm-gnu-toolchain/bin/../lib/gcc/arm-none-eabi/4.8.4/armv6-m\libgcc.a(_muldi3.o)
 .ARM.attributes
                0x00000404       0x2c c:/program files (x86)/atmel/atmel toolchain/arm gcc/native/4.8.1443/arm-gnu-toolchain/bin/../lib/gcc/arm-none-eabi/4.8.4/../../../../arm-none-eabi/lib/armv6-m\libc_s.a(lib_a-atoi.o)
 .ARM.attributes
                0x00000430       0x2c c:/program files (x86)/atmel/atmel toolchain/arm gcc/native/4.8.1443/arm-gnu-toolchain/bin/../lib/gcc/arm-none-eabi/4.8.4/../../../../arm-none-eabi/lib/armv6-m\libc_s.a(lib_a-impure.o)
 .ARM.attributes
                0x0000045c       0x2c c:/program files (x86)/atmel/atmel toolchain/arm gcc/native/4.8.1443/arm-gnu-toolchain/bin/../lib/gcc/arm-none-eabi/4.8.4/../../../../arm-none-eabi/lib/armv6-m\libc_s.a(lib_a-init.o)
 .ARM.attributes
                0x00000488       0x2c c:/program files (x86)/atmel/atmel toolchain/arm gcc/native/4.8.1443/arm-gnu-toolchain/bin/../lib/gcc/arm-none-eabi/4.8.4/../../../../arm-none-eabi/lib/armv6-m\libc_s.a(lib_a-memcpy-stub.o)
 .ARM.attributes
                0x000004b4       0x2c c:/program files (x86)/atmel/atmel toolchain/arm gcc/native/4.8.1443/arm-gnu-toolchain/bin/../lib/gcc/arm-none-eabi/4.8.4/../../../../arm-none-eabi/lib/armv6-m\libc_s.a(lib_a-sprintf.o)
 .ARM.attributes
                0x000004e0       0x2c c:/program files (x86)/atmel/atmel toolchain/arm gcc/native/4.8.1443/arm-gnu-toolchain/bin/../lib/gcc/arm-none-eabi/4.8.4/../../../../arm-none-eabi/lib/armv6-m\libc_s.a(lib_a-strtok.o)
 .ARM.attributes
                0x0000050c       0x2c c:/program files (x86)/atmel/atmel toolchain/arm gcc/native/4.8.1443/arm-gnu-toolchain/bin/../lib/gcc/arm-none-eabi/4.8.4/../../../../arm-none-eabi/lib/armv6-m\libc_s.a(lib_a-strtok_r.o)
 .ARM.attributes
                0x00000538       0x2c c:/program files (x86)/atmel/atmel toolchain/arm gcc/native/4.8.1443/arm-gnu-toolchain/bin/../lib/gcc/arm-none-eabi/4.8.4/../../../../arm-none-eabi/lib/armv6-m\libc_s.a(lib_a-strtol.o)
 .ARM.attributes
                0x00000564       0x2c c:/program files (x86)/atmel/atmel toolchain/arm gcc/native/4.8.1443/arm-gnu-toolchain/bin/../lib/gcc/arm-none-eabi/4.8.4/../../../../arm-none-eabi/lib/armv6-m\libc_s.a(lib_a-svfprintf.o)
 .ARM.attributes
                0x00000590       0x2c c:/program files (x86)/atmel/atmel toolchain/arm gcc/native/4.8.1443/arm-gnu-toolchain/bin/../lib/gcc/arm-none-eabi/4.8.4/../../../../arm-none-eabi/lib/armv6-m\libc_s.a(lib_a-vfprintf_i.o)
 .ARM.attributes
                0x000005bc       0x2c c:/program files (x86)/atmel/atmel toolchain/arm gcc/native/4.8.1443/arm-gnu-toolchain/bin/../lib/gcc/arm-none-eabi/4.8.4/../../../../arm-none-eabi/lib/armv6-m\libc_s.a(lib_a-ctype_.o)
 .ARM.attributes
                0x000005e8       0x2c c:/program files (x86)/atmel/atmel toolchain/arm gcc/native/4.8.1443/arm-gnu-toolchain/bin/../lib/gcc/arm-none-eabi/4.8.4/../../../../arm-none-eabi/lib/armv6-m\libc_s.a(lib_a-findfp.o)
 .ARM.attributes
                0x00000614       0x2c c:/program files (x86)/atmel/atmel toolchain/arm gcc/native/4.8.1443/arm-gnu-toolchain/bin/../lib/gcc/arm-none-eabi/4.8.4/../../../../arm-none-eabi/lib/armv6-m\libc_s.a(lib_a-malloc.o)
 .ARM.attributes
                0x00000640       0x2c c:/program files (x86)/atmel/atmel toolchain/arm gcc/native/4.8.1443/arm-gnu-toolchain/bin/../lib/gcc/arm-none-eabi/4.8.4/../../../../arm-none-eabi/lib/armv6-m\libc_s.a(lib_a-memchr-stub.o)
 .ARM.attributes
                0x0000066c       0x2c c:/program files (x86)/atmel/atmel toolchain/arm gcc/native/4.8.1443/arm-gnu-toolchain/bin/../lib/gcc/arm-none-eabi/4.8.4/../../../../arm-none-eabi/lib/armv6-m\libc_s.a(lib_a-memmove.o)
 .ARM.attributes
                0x00000698       0x2c c:/program files (x86)/atmel/atmel toolchain/arm gcc/native/4.8.1443/arm-gnu-toolchain/bin/../lib/gcc/arm-none-eabi/4.8.4/../../../../arm-none-eabi/lib/armv6-m\libc_s.a(lib_a-nano-freer.o)
 .ARM.attributes
                0x000006c4       0x2c c:/program files (x86)/atmel/atmel toolchain/arm gcc/native/4.8.1443/arm-gnu-toolchain/bin/../lib/gcc/arm-none-eabi/4.8.4/../../../../arm-none-eabi/lib/armv6-m\libc_s.a(lib_a-nano-mallocr.o)
 .ARM.attributes
                0x000006f0       0x2c c:/program files (x86)/atmel/atmel toolchain/arm gcc/native/4.8.1443/arm-gnu-toolchain/bin/../lib/gcc/arm-none-eabi/4.8.4/../../../../arm-none-eabi/lib/armv6-m\libc_s.a(lib_a-nano-reallocr.o)
 .ARM.attributes
                0x0000071c       0x2c c:/program files (x86)/atmel/atmel toolchain/arm gcc/native/4.8.1443/arm-gnu-toolchain/bin/../lib/gcc/arm-none-eabi/4.8.4/../../../../arm-none-eabi/lib/armv6-m\libc_s.a(lib_a-sbrkr.o)
 .ARM.attributes
                0x00000748       0x2c c:/program files (x86)/atmel/atmel toolchain/arm gcc/native/4.8.1443/arm-gnu-toolchain/bin/../lib/gcc/arm-none-eabi/4.8.4/../../../../arm-none-eabi/lib/armv6-m\libc_s.a(lib_a-strlen.o)
 .ARM.attributes
                0x00000774       0x2c c:/program files (x86)/atmel/atmel toolchain/arm gcc/native/4.8.1443/arm-gnu-toolchain/bin/../lib/gcc/arm-none-eabi/4.8.4/../../../../arm-none-eabi/lib/armv6-m\libc_s.a(lib_a-nano-msizer.o)
 .ARM.attributes
                0x000007a0       0x2c c:/program files (x86)/atmel/atmel toolchain/arm gcc/native/4.8.1443/arm-gnu-toolchain/bin/../lib/gcc/arm-none-eabi/4.8.4/../../../../arm-none-eabi/lib/armv6-m\libc_s.a(lib_a-reent.o)
 .ARM.attributes
                0x000007cc       0x1e c:/program files (x86)/atmel/atmel toolchain/arm gcc/native/4.8.1443/arm-gnu-toolchain/bin/../lib/gcc/arm-none-eabi/4.8.4/armv6-m/crtn.o

.comment        0x00000000       0x5b
 .comment       0x00000000       0x5b src/ASF/common2/services/delay/sam0/systick_counter.o
                                 0x5c (size before relaxing)
 .comment       0x00000000       0x5c src/ASF/sam0/drivers/sercom/sercom.o
 .comment       0x00000000       0x5c src/ASF/sam0/drivers/sercom/sercom_interrupt.o
 .comment       0x00000000       0x5c src/ASF/sam0/drivers/sercom/usart/usart.o
 .comment       0x00000000       0x5c src/ASF/sam0/drivers/sercom/usart/usart_interrupt.o
 .comment       0x00000000       0x5c src/ASF/sam0/drivers/tc/tc_sam_d_r/tc.o
 .comment       0x00000000       0x5c src/ASF/sam0/drivers/tc/tc_interrupt.o
 .comment       0x00000000       0x5c src/ASF/common/utils/interrupt/interrupt_sam_nvic.o
 .comment       0x00000000       0x5c src/ASF/sam0/boards/samd20_xplained_pro/board_init.o
 .comment       0x00000000       0x5c src/ASF/sam0/drivers/port/port.o
 .comment       0x00000000       0x5c src/ASF/sam0/drivers/system/clock/clock_samd20/clock.o
 .comment       0x00000000       0x5c src/ASF/sam0/drivers/system/clock/clock_samd20/gclk.o
 .comment       0x00000000       0x5c src/ASF/sam0/drivers/system/pinmux/pinmux.o
 .comment       0x00000000       0x5c src/ASF/sam0/drivers/system/system.o
 .comment       0x00000000       0x5c src/ASF/sam0/utils/cmsis/samd20/source/gcc/startup_samd20.o
 .comment       0x00000000       0x5c src/ASF/sam0/utils/syscalls/gcc/syscalls.o
 .comment       0x00000000       0x5c src/main.o

.debug_info     0x00000000    0x181ea
 .debug_info    0x00000000      0x269 src/ASF/common2/services/delay/sam0/systick_counter.o
 .debug_info    0x00000269     0x1d9d src/ASF/sam0/drivers/sercom/sercom.o
 .debug_info    0x00002006     0x1b75 src/ASF/sam0/drivers/sercom/sercom_interrupt.o
 .debug_info    0x00003b7b     0x38e7 src/ASF/sam0/drivers/sercom/usart/usart.o
 .debug_info    0x00007462     0x1f97 src/ASF/sam0/drivers/sercom/usart/usart_interrupt.o
 .debug_info    0x000093f9     0x254f src/ASF/sam0/drivers/tc/tc_sam_d_r/tc.o
 .debug_info    0x0000b948     0x1317 src/ASF/sam0/drivers/tc/tc_interrupt.o
 .debug_info    0x0000cc5f      0x1ec src/ASF/common/utils/interrupt/interrupt_sam_nvic.o
 .debug_info    0x0000ce4b      0x96d src/ASF/sam0/boards/samd20_xplained_pro/board_init.o
 .debug_info    0x0000d7b8      0x968 src/ASF/sam0/drivers/port/port.o
 .debug_info    0x0000e120     0x33bc src/ASF/sam0/drivers/system/clock/clock_samd20/clock.o
 .debug_info    0x000114dc     0x1456 src/ASF/sam0/drivers/system/clock/clock_samd20/gclk.o
 .debug_info    0x00012932      0xa49 src/ASF/sam0/drivers/system/pinmux/pinmux.o
 .debug_info    0x0001337b      0x16f src/ASF/sam0/drivers/system/system.o
 .debug_info    0x000134ea      0x483 src/ASF/sam0/utils/cmsis/samd20/source/gcc/startup_samd20.o
 .debug_info    0x0001396d      0x427 src/ASF/sam0/utils/syscalls/gcc/syscalls.o
 .debug_info    0x00013d94     0x4456 src/main.o

.debug_abbrev   0x00000000     0x2a3b
 .debug_abbrev  0x00000000      0x13c src/ASF/common2/services/delay/sam0/systick_counter.o
 .debug_abbrev  0x0000013c      0x2fd src/ASF/sam0/drivers/sercom/sercom.o
 .debug_abbrev  0x00000439      0x22c src/ASF/sam0/drivers/sercom/sercom_interrupt.o
 .debug_abbrev  0x00000665      0x3f7 src/ASF/sam0/drivers/sercom/usart/usart.o
 .debug_abbrev  0x00000a5c      0x388 src/ASF/sam0/drivers/sercom/usart/usart_interrupt.o
 .debug_abbrev  0x00000de4      0x3c2 src/ASF/sam0/drivers/tc/tc_sam_d_r/tc.o
 .debug_abbrev  0x000011a6      0x259 src/ASF/sam0/drivers/tc/tc_interrupt.o
 .debug_abbrev  0x000013ff       0xf6 src/ASF/common/utils/interrupt/interrupt_sam_nvic.o
 .debug_abbrev  0x000014f5      0x22b src/ASF/sam0/boards/samd20_xplained_pro/board_init.o
 .debug_abbrev  0x00001720      0x1da src/ASF/sam0/drivers/port/port.o
 .debug_abbrev  0x000018fa      0x430 src/ASF/sam0/drivers/system/clock/clock_samd20/clock.o
 .debug_abbrev  0x00001d2a      0x327 src/ASF/sam0/drivers/system/clock/clock_samd20/gclk.o
 .debug_abbrev  0x00002051      0x287 src/ASF/sam0/drivers/system/pinmux/pinmux.o
 .debug_abbrev  0x000022d8       0xb9 src/ASF/sam0/drivers/system/system.o
 .debug_abbrev  0x00002391      0x12e src/ASF/sam0/utils/cmsis/samd20/source/gcc/startup_samd20.o
 .debug_abbrev  0x000024bf      0x141 src/ASF/sam0/utils/syscalls/gcc/syscalls.o
 .debug_abbrev  0x00002600      0x43b src/main.o

.debug_loc      0x00000000     0x504d
 .debug_loc     0x00000000       0xe4 src/ASF/common2/services/delay/sam0/systick_counter.o
 .debug_loc     0x000000e4      0x982 src/ASF/sam0/drivers/sercom/sercom.o
 .debug_loc     0x00000a66      0x16c src/ASF/sam0/drivers/sercom/sercom_interrupt.o
 .debug_loc     0x00000bd2      0xc65 src/ASF/sam0/drivers/sercom/usart/usart.o
 .debug_loc     0x00001837      0x683 src/ASF/sam0/drivers/sercom/usart/usart_interrupt.o
 .debug_loc     0x00001eba     0x10c5 src/ASF/sam0/drivers/tc/tc_sam_d_r/tc.o
 .debug_loc     0x00002f7f      0x21d src/ASF/sam0/drivers/tc/tc_interrupt.o
 .debug_loc     0x0000319c       0x1e src/ASF/common/utils/interrupt/interrupt_sam_nvic.o
 .debug_loc     0x000031ba       0x59 src/ASF/sam0/boards/samd20_xplained_pro/board_init.o
 .debug_loc     0x00003213      0x16d src/ASF/sam0/drivers/port/port.o
 .debug_loc     0x00003380      0xf65 src/ASF/sam0/drivers/system/clock/clock_samd20/clock.o
 .debug_loc     0x000042e5      0x508 src/ASF/sam0/drivers/system/clock/clock_samd20/gclk.o
 .debug_loc     0x000047ed      0x2e3 src/ASF/sam0/drivers/system/pinmux/pinmux.o
 .debug_loc     0x00004ad0       0x20 src/ASF/sam0/drivers/system/system.o
 .debug_loc     0x00004af0       0x7c src/ASF/sam0/utils/cmsis/samd20/source/gcc/startup_samd20.o
 .debug_loc     0x00004b6c      0x112 src/ASF/sam0/utils/syscalls/gcc/syscalls.o
 .debug_loc     0x00004c7e      0x3cf src/main.o

.debug_aranges  0x00000000      0x520
 .debug_aranges
                0x00000000       0x30 src/ASF/common2/services/delay/sam0/systick_counter.o
 .debug_aranges
                0x00000030       0x40 src/ASF/sam0/drivers/sercom/sercom.o
 .debug_aranges
                0x00000070       0x60 src/ASF/sam0/drivers/sercom/sercom_interrupt.o
 .debug_aranges
                0x000000d0       0x40 src/ASF/sam0/drivers/sercom/usart/usart.o
 .debug_aranges
                0x00000110       0x70 src/ASF/sam0/drivers/sercom/usart/usart_interrupt.o
 .debug_aranges
                0x00000180       0x58 src/ASF/sam0/drivers/tc/tc_sam_d_r/tc.o
 .debug_aranges
                0x000001d8       0x70 src/ASF/sam0/drivers/tc/tc_interrupt.o
 .debug_aranges
                0x00000248       0x28 src/ASF/common/utils/interrupt/interrupt_sam_nvic.o
 .debug_aranges
                0x00000270       0x20 src/ASF/sam0/boards/samd20_xplained_pro/board_init.o
 .debug_aranges
                0x00000290       0x28 src/ASF/sam0/drivers/port/port.o
 .debug_aranges
                0x000002b8       0x70 src/ASF/sam0/drivers/system/clock/clock_samd20/clock.o
 .debug_aranges
                0x00000328       0x80 src/ASF/sam0/drivers/system/clock/clock_samd20/gclk.o
 .debug_aranges
                0x000003a8       0x38 src/ASF/sam0/drivers/system/pinmux/pinmux.o
 .debug_aranges
                0x000003e0       0x28 src/ASF/sam0/drivers/system/system.o
 .debug_aranges
                0x00000408       0x28 src/ASF/sam0/utils/cmsis/samd20/source/gcc/startup_samd20.o
 .debug_aranges
                0x00000430       0x60 src/ASF/sam0/utils/syscalls/gcc/syscalls.o
 .debug_aranges
                0x00000490       0x90 src/main.o

.debug_ranges   0x00000000      0x578
 .debug_ranges  0x00000000       0x50 src/ASF/common2/services/delay/sam0/systick_counter.o
 .debug_ranges  0x00000050       0x48 src/ASF/sam0/drivers/sercom/sercom.o
 .debug_ranges  0x00000098       0x50 src/ASF/sam0/drivers/sercom/sercom_interrupt.o
 .debug_ranges  0x000000e8      0x120 src/ASF/sam0/drivers/sercom/usart/usart.o
 .debug_ranges  0x00000208       0x60 src/ASF/sam0/drivers/sercom/usart/usart_interrupt.o
 .debug_ranges  0x00000268       0x78 src/ASF/sam0/drivers/tc/tc_sam_d_r/tc.o
 .debug_ranges  0x000002e0       0x60 src/ASF/sam0/drivers/tc/tc_interrupt.o
 .debug_ranges  0x00000340       0x18 src/ASF/common/utils/interrupt/interrupt_sam_nvic.o
 .debug_ranges  0x00000358       0x10 src/ASF/sam0/boards/samd20_xplained_pro/board_init.o
 .debug_ranges  0x00000368       0x18 src/ASF/sam0/drivers/port/port.o
 .debug_ranges  0x00000380       0x60 src/ASF/sam0/drivers/system/clock/clock_samd20/clock.o
 .debug_ranges  0x000003e0       0x70 src/ASF/sam0/drivers/system/clock/clock_samd20/gclk.o
 .debug_ranges  0x00000450       0x28 src/ASF/sam0/drivers/system/pinmux/pinmux.o
 .debug_ranges  0x00000478       0x18 src/ASF/sam0/drivers/system/system.o
 .debug_ranges  0x00000490       0x18 src/ASF/sam0/utils/cmsis/samd20/source/gcc/startup_samd20.o
 .debug_ranges  0x000004a8       0x50 src/ASF/sam0/utils/syscalls/gcc/syscalls.o
 .debug_ranges  0x000004f8       0x80 src/main.o

.debug_macro    0x00000000    0x12feb
 .debug_macro   0x00000000      0x438 src/ASF/common2/services/delay/sam0/systick_counter.o
 .debug_macro   0x00000438      0x83e src/ASF/common2/services/delay/sam0/systick_counter.o
 .debug_macro   0x00000c76      0x166 src/ASF/common2/services/delay/sam0/systick_counter.o
 .debug_macro   0x00000ddc      0x4d1 src/ASF/common2/services/delay/sam0/systick_counter.o
 .debug_macro   0x000012ad       0x16 src/ASF/common2/services/delay/sam0/systick_counter.o
 .debug_macro   0x000012c3       0x44 src/ASF/common2/services/delay/sam0/systick_counter.o
 .debug_macro   0x00001307      0x209 src/ASF/common2/services/delay/sam0/systick_counter.o
 .debug_macro   0x00001510       0x10 src/ASF/common2/services/delay/sam0/systick_counter.o
 .debug_macro   0x00001520       0x76 src/ASF/common2/services/delay/sam0/systick_counter.o
 .debug_macro   0x00001596       0x16 src/ASF/common2/services/delay/sam0/systick_counter.o
 .debug_macro   0x000015ac      0x6e5 src/ASF/common2/services/delay/sam0/systick_counter.o
 .debug_macro   0x00001c91      0xde2 src/ASF/common2/services/delay/sam0/systick_counter.o
 .debug_macro   0x00002a73       0x22 src/ASF/common2/services/delay/sam0/systick_counter.o
 .debug_macro   0x00002a95       0x40 src/ASF/common2/services/delay/sam0/systick_counter.o
 .debug_macro   0x00002ad5       0x3a src/ASF/common2/services/delay/sam0/systick_counter.o
 .debug_macro   0x00002b0f      0x24f src/ASF/common2/services/delay/sam0/systick_counter.o
 .debug_macro   0x00002d5e      0x682 src/ASF/common2/services/delay/sam0/systick_counter.o
 .debug_macro   0x000033e0      0x8c1 src/ASF/common2/services/delay/sam0/systick_counter.o
 .debug_macro   0x00003ca1      0x229 src/ASF/common2/services/delay/sam0/systick_counter.o
 .debug_macro   0x00003eca      0x5bf src/ASF/common2/services/delay/sam0/systick_counter.o
 .debug_macro   0x00004489      0x9fb src/ASF/common2/services/delay/sam0/systick_counter.o
 .debug_macro   0x00004e84      0x5b8 src/ASF/common2/services/delay/sam0/systick_counter.o
 .debug_macro   0x0000543c      0x4b6 src/ASF/common2/services/delay/sam0/systick_counter.o
 .debug_macro   0x000058f2      0x74c src/ASF/common2/services/delay/sam0/systick_counter.o
 .debug_macro   0x0000603e       0x5e src/ASF/common2/services/delay/sam0/systick_counter.o
 .debug_macro   0x0000609c      0x5e2 src/ASF/common2/services/delay/sam0/systick_counter.o
 .debug_macro   0x0000667e      0x3b8 src/ASF/common2/services/delay/sam0/systick_counter.o
 .debug_macro   0x00006a36      0xc55 src/ASF/common2/services/delay/sam0/systick_counter.o
 .debug_macro   0x0000768b      0xd29 src/ASF/common2/services/delay/sam0/systick_counter.o
 .debug_macro   0x000083b4      0x7b8 src/ASF/common2/services/delay/sam0/systick_counter.o
 .debug_macro   0x00008b6c      0x6c2 src/ASF/common2/services/delay/sam0/systick_counter.o
 .debug_macro   0x0000922e      0x351 src/ASF/common2/services/delay/sam0/systick_counter.o
 .debug_macro   0x0000957f       0x7c src/ASF/common2/services/delay/sam0/systick_counter.o
 .debug_macro   0x000095fb       0x9a src/ASF/common2/services/delay/sam0/systick_counter.o
 .debug_macro   0x00009695       0x46 src/ASF/common2/services/delay/sam0/systick_counter.o
 .debug_macro   0x000096db       0xb2 src/ASF/common2/services/delay/sam0/systick_counter.o
 .debug_macro   0x0000978d       0x6a src/ASF/common2/services/delay/sam0/systick_counter.o
 .debug_macro   0x000097f7      0x287 src/ASF/common2/services/delay/sam0/systick_counter.o
 .debug_macro   0x00009a7e       0x82 src/ASF/common2/services/delay/sam0/systick_counter.o
 .debug_macro   0x00009b00       0xb8 src/ASF/common2/services/delay/sam0/systick_counter.o
 .debug_macro   0x00009bb8       0x1c src/ASF/common2/services/delay/sam0/systick_counter.o
 .debug_macro   0x00009bd4       0x1c src/ASF/common2/services/delay/sam0/systick_counter.o
 .debug_macro   0x00009bf0       0x1c src/ASF/common2/services/delay/sam0/systick_counter.o
 .debug_macro   0x00009c0c       0x7c src/ASF/common2/services/delay/sam0/systick_counter.o
 .debug_macro   0x00009c88      0x164 src/ASF/common2/services/delay/sam0/systick_counter.o
 .debug_macro   0x00009dec       0xdc src/ASF/common2/services/delay/sam0/systick_counter.o
 .debug_macro   0x00009ec8      0x104 src/ASF/common2/services/delay/sam0/systick_counter.o
 .debug_macro   0x00009fcc      0x104 src/ASF/common2/services/delay/sam0/systick_counter.o
 .debug_macro   0x0000a0d0      0x104 src/ASF/common2/services/delay/sam0/systick_counter.o
 .debug_macro   0x0000a1d4      0x104 src/ASF/common2/services/delay/sam0/systick_counter.o
 .debug_macro   0x0000a2d8      0x104 src/ASF/common2/services/delay/sam0/systick_counter.o
 .debug_macro   0x0000a3dc      0x104 src/ASF/common2/services/delay/sam0/systick_counter.o
 .debug_macro   0x0000a4e0       0xfa src/ASF/common2/services/delay/sam0/systick_counter.o
 .debug_macro   0x0000a5da       0xbe src/ASF/common2/services/delay/sam0/systick_counter.o
 .debug_macro   0x0000a698       0xbe src/ASF/common2/services/delay/sam0/systick_counter.o
 .debug_macro   0x0000a756       0xbe src/ASF/common2/services/delay/sam0/systick_counter.o
 .debug_macro   0x0000a814       0xbe src/ASF/common2/services/delay/sam0/systick_counter.o
 .debug_macro   0x0000a8d2       0xbe src/ASF/common2/services/delay/sam0/systick_counter.o
 .debug_macro   0x0000a990       0xbe src/ASF/common2/services/delay/sam0/systick_counter.o
 .debug_macro   0x0000aa4e       0xbe src/ASF/common2/services/delay/sam0/systick_counter.o
 .debug_macro   0x0000ab0c       0xbe src/ASF/common2/services/delay/sam0/systick_counter.o
 .debug_macro   0x0000abca       0x40 src/ASF/common2/services/delay/sam0/systick_counter.o
 .debug_macro   0x0000ac0a      0x2e3 src/ASF/common2/services/delay/sam0/systick_counter.o
 .debug_macro   0x0000aeed     0x19e0 src/ASF/common2/services/delay/sam0/systick_counter.o
 .debug_macro   0x0000c8cd       0x4a src/ASF/common2/services/delay/sam0/systick_counter.o
 .debug_macro   0x0000c917       0x58 src/ASF/common2/services/delay/sam0/systick_counter.o
 .debug_macro   0x0000c96f       0x35 src/ASF/common2/services/delay/sam0/systick_counter.o
 .debug_macro   0x0000c9a4       0xa3 src/ASF/common2/services/delay/sam0/systick_counter.o
 .debug_macro   0x0000ca47       0x16 src/ASF/common2/services/delay/sam0/systick_counter.o
 .debug_macro   0x0000ca5d       0x35 src/ASF/common2/services/delay/sam0/systick_counter.o
 .debug_macro   0x0000ca92       0x10 src/ASF/common2/services/delay/sam0/systick_counter.o
 .debug_macro   0x0000caa2       0x52 src/ASF/common2/services/delay/sam0/systick_counter.o
 .debug_macro   0x0000caf4       0x16 src/ASF/common2/services/delay/sam0/systick_counter.o
 .debug_macro   0x0000cb0a       0x43 src/ASF/common2/services/delay/sam0/systick_counter.o
 .debug_macro   0x0000cb4d      0x180 src/ASF/common2/services/delay/sam0/systick_counter.o
 .debug_macro   0x0000cccd       0x10 src/ASF/common2/services/delay/sam0/systick_counter.o
 .debug_macro   0x0000ccdd       0x22 src/ASF/common2/services/delay/sam0/systick_counter.o
 .debug_macro   0x0000ccff       0xbd src/ASF/common2/services/delay/sam0/systick_counter.o
 .debug_macro   0x0000cdbc       0x16 src/ASF/common2/services/delay/sam0/systick_counter.o
 .debug_macro   0x0000cdd2      0x16c src/ASF/common2/services/delay/sam0/systick_counter.o
 .debug_macro   0x0000cf3e       0x16 src/ASF/common2/services/delay/sam0/systick_counter.o
 .debug_macro   0x0000cf54       0x16 src/ASF/common2/services/delay/sam0/systick_counter.o
 .debug_macro   0x0000cf6a       0x29 src/ASF/common2/services/delay/sam0/systick_counter.o
 .debug_macro   0x0000cf93       0x51 src/ASF/common2/services/delay/sam0/systick_counter.o
 .debug_macro   0x0000cfe4       0x3f src/ASF/common2/services/delay/sam0/systick_counter.o
 .debug_macro   0x0000d023      0x3df src/ASF/common2/services/delay/sam0/systick_counter.o
 .debug_macro   0x0000d402       0x16 src/ASF/common2/services/delay/sam0/systick_counter.o
 .debug_macro   0x0000d418       0x16 src/ASF/common2/services/delay/sam0/systick_counter.o
 .debug_macro   0x0000d42e      0x48b src/ASF/sam0/drivers/sercom/sercom.o
 .debug_macro   0x0000d8b9       0x11 src/ASF/sam0/drivers/sercom/sercom.o
 .debug_macro   0x0000d8ca       0x2e src/ASF/sam0/drivers/sercom/sercom.o
 .debug_macro   0x0000d8f8       0xb2 src/ASF/sam0/drivers/sercom/sercom.o
 .debug_macro   0x0000d9aa       0x10 src/ASF/sam0/drivers/sercom/sercom.o
 .debug_macro   0x0000d9ba      0x488 src/ASF/sam0/drivers/sercom/sercom_interrupt.o
 .debug_macro   0x0000de42      0x49c src/ASF/sam0/drivers/sercom/usart/usart.o
 .debug_macro   0x0000e2de       0x19 src/ASF/sam0/drivers/sercom/usart/usart.o
 .debug_macro   0x0000e2f7      0x49c src/ASF/sam0/drivers/sercom/usart/usart_interrupt.o
 .debug_macro   0x0000e793      0x486 src/ASF/sam0/drivers/tc/tc_sam_d_r/tc.o
 .debug_macro   0x0000ec19       0x19 src/ASF/sam0/drivers/tc/tc_sam_d_r/tc.o
 .debug_macro   0x0000ec32       0x51 src/ASF/sam0/drivers/tc/tc_sam_d_r/tc.o
 .debug_macro   0x0000ec83      0x46b src/ASF/sam0/drivers/tc/tc_interrupt.o
 .debug_macro   0x0000f0ee      0x3fc src/ASF/common/utils/interrupt/interrupt_sam_nvic.o
 .debug_macro   0x0000f4ea      0x438 src/ASF/sam0/boards/samd20_xplained_pro/board_init.o
 .debug_macro   0x0000f922      0x248 src/ASF/sam0/boards/samd20_xplained_pro/board_init.o
 .debug_macro   0x0000fb6a      0x80c src/ASF/sam0/boards/samd20_xplained_pro/board_init.o
 .debug_macro   0x00010376       0x12 src/ASF/sam0/boards/samd20_xplained_pro/board_init.o
 .debug_macro   0x00010388      0x416 src/ASF/sam0/drivers/port/port.o
 .debug_macro   0x0001079e      0x512 src/ASF/sam0/drivers/system/clock/clock_samd20/clock.o
 .debug_macro   0x00010cb0      0x21b src/ASF/sam0/drivers/system/clock/clock_samd20/clock.o
 .debug_macro   0x00010ecb      0x433 src/ASF/sam0/drivers/system/clock/clock_samd20/gclk.o
 .debug_macro   0x000112fe      0x40e src/ASF/sam0/drivers/system/pinmux/pinmux.o
 .debug_macro   0x0001170c      0x441 src/ASF/sam0/drivers/system/system.o
 .debug_macro   0x00011b4d      0x269 src/ASF/sam0/utils/cmsis/samd20/source/gcc/startup_samd20.o
 .debug_macro   0x00011db6       0x3a src/ASF/sam0/utils/cmsis/samd20/source/gcc/startup_samd20.o
 .debug_macro   0x00011df0      0x129 src/ASF/sam0/utils/syscalls/gcc/syscalls.o
 .debug_macro   0x00011f19       0x97 src/ASF/sam0/utils/syscalls/gcc/syscalls.o
 .debug_macro   0x00011fb0       0xef src/ASF/sam0/utils/syscalls/gcc/syscalls.o
 .debug_macro   0x0001209f       0x4a src/ASF/sam0/utils/syscalls/gcc/syscalls.o
 .debug_macro   0x000120e9       0x52 src/ASF/sam0/utils/syscalls/gcc/syscalls.o
 .debug_macro   0x0001213b       0x16 src/ASF/sam0/utils/syscalls/gcc/syscalls.o
 .debug_macro   0x00012151       0x10 src/ASF/sam0/utils/syscalls/gcc/syscalls.o
 .debug_macro   0x00012161       0x41 src/ASF/sam0/utils/syscalls/gcc/syscalls.o
 .debug_macro   0x000121a2      0x120 src/ASF/sam0/utils/syscalls/gcc/syscalls.o
 .debug_macro   0x000122c2      0x567 src/main.o
 .debug_macro   0x00012829       0x1f src/main.o
 .debug_macro   0x00012848       0x6c src/main.o
 .debug_macro   0x000128b4      0x2a6 src/main.o
 .debug_macro   0x00012b5a       0x10 src/main.o
 .debug_macro   0x00012b6a       0x1f src/main.o
 .debug_macro   0x00012b89       0x10 src/main.o
 .debug_macro   0x00012b99      0x452 src/main.o

.debug_line     0x00000000     0xa5ad
 .debug_line    0x00000000      0x8eb src/ASF/common2/services/delay/sam0/systick_counter.o
 .debug_line    0x000008eb      0xade src/ASF/sam0/drivers/sercom/sercom.o
 .debug_line    0x000013c9      0xa90 src/ASF/sam0/drivers/sercom/sercom_interrupt.o
 .debug_line    0x00001e59      0xbfb src/ASF/sam0/drivers/sercom/usart/usart.o
 .debug_line    0x00002a54      0xb89 src/ASF/sam0/drivers/sercom/usart/usart_interrupt.o
 .debug_line    0x000035dd      0xcd0 src/ASF/sam0/drivers/tc/tc_sam_d_r/tc.o
 .debug_line    0x000042ad      0x9ec src/ASF/sam0/drivers/tc/tc_interrupt.o
 .debug_line    0x00004c99      0x7f4 src/ASF/common/utils/interrupt/interrupt_sam_nvic.o
 .debug_line    0x0000548d      0x89d src/ASF/sam0/boards/samd20_xplained_pro/board_init.o
 .debug_line    0x00005d2a      0x822 src/ASF/sam0/drivers/port/port.o
 .debug_line    0x0000654c      0xb4b src/ASF/sam0/drivers/system/clock/clock_samd20/clock.o
 .debug_line    0x00007097      0xb94 src/ASF/sam0/drivers/system/clock/clock_samd20/gclk.o
 .debug_line    0x00007c2b      0x840 src/ASF/sam0/drivers/system/pinmux/pinmux.o
 .debug_line    0x0000846b      0x909 src/ASF/sam0/drivers/system/system.o
 .debug_line    0x00008d74      0x5ef src/ASF/sam0/utils/cmsis/samd20/source/gcc/startup_samd20.o
 .debug_line    0x00009363      0x39d src/ASF/sam0/utils/syscalls/gcc/syscalls.o
 .debug_line    0x00009700      0xead src/main.o

.debug_str      0x00000000    0x5f280
 .debug_str     0x00000000    0x537a2 src/ASF/common2/services/delay/sam0/systick_counter.o
                              0x53c00 (size before relaxing)
 .debug_str     0x000537a2     0x146b src/ASF/sam0/drivers/sercom/sercom.o
                              0x54f45 (size before relaxing)
 .debug_str     0x00054c0d      0x527 src/ASF/sam0/drivers/sercom/sercom_interrupt.o
                              0x54d8e (size before relaxing)
 .debug_str     0x00055134      0xbf9 src/ASF/sam0/drivers/sercom/usart/usart.o
                              0x557fc (size before relaxing)
 .debug_str     0x00055d2d      0x198 src/ASF/sam0/drivers/sercom/usart/usart_interrupt.o
                              0x54d93 (size before relaxing)
 .debug_str     0x00055ec5      0xb31 src/ASF/sam0/drivers/tc/tc_sam_d_r/tc.o
                              0x54f90 (size before relaxing)
 .debug_str     0x000569f6       0xe5 src/ASF/sam0/drivers/tc/tc_interrupt.o
                              0x547d5 (size before relaxing)
 .debug_str     0x00056adb       0x9b src/ASF/common/utils/interrupt/interrupt_sam_nvic.o
                              0x53a7c (size before relaxing)
 .debug_str     0x00056b76     0x2f84 src/ASF/sam0/boards/samd20_xplained_pro/board_init.o
                              0x56a1f (size before relaxing)
 .debug_str     0x00059afa       0x53 src/ASF/sam0/drivers/port/port.o
                              0x53e46 (size before relaxing)
 .debug_str     0x00059b4d     0x26a2 src/ASF/sam0/drivers/system/clock/clock_samd20/clock.o
                              0x56bda (size before relaxing)
 .debug_str     0x0005c1ef      0x2c6 src/ASF/sam0/drivers/system/clock/clock_samd20/gclk.o
                              0x5460a (size before relaxing)
 .debug_str     0x0005c4b5      0x130 src/ASF/sam0/drivers/system/pinmux/pinmux.o
                              0x53e73 (size before relaxing)
 .debug_str     0x0005c5e5       0x47 src/ASF/sam0/drivers/system/system.o
                              0x53ae6 (size before relaxing)
 .debug_str     0x0005c62c      0x36a src/ASF/sam0/utils/cmsis/samd20/source/gcc/startup_samd20.o
                              0x41dc7 (size before relaxing)
 .debug_str     0x0005c996      0x74d src/ASF/sam0/utils/syscalls/gcc/syscalls.o
                               0x4e67 (size before relaxing)
 .debug_str     0x0005d0e3     0x219d src/main.o
                              0x5b034 (size before relaxing)

.debug_frame    0x00000000     0x11b8
 .debug_frame   0x00000000       0x60 src/ASF/common2/services/delay/sam0/systick_counter.o
 .debug_frame   0x00000060       0xa0 src/ASF/sam0/drivers/sercom/sercom.o
 .debug_frame   0x00000100       0xec src/ASF/sam0/drivers/sercom/sercom_interrupt.o
 .debug_frame   0x000001ec       0xc0 src/ASF/sam0/drivers/sercom/usart/usart.o
 .debug_frame   0x000002ac       0xe0 src/ASF/sam0/drivers/sercom/usart/usart_interrupt.o
 .debug_frame   0x0000038c       0xe4 src/ASF/sam0/drivers/tc/tc_sam_d_r/tc.o
 .debug_frame   0x00000470      0x10c src/ASF/sam0/drivers/tc/tc_interrupt.o
 .debug_frame   0x0000057c       0x30 src/ASF/common/utils/interrupt/interrupt_sam_nvic.o
 .debug_frame   0x000005ac       0x30 src/ASF/sam0/boards/samd20_xplained_pro/board_init.o
 .debug_frame   0x000005dc       0x44 src/ASF/sam0/drivers/port/port.o
 .debug_frame   0x00000620      0x134 src/ASF/sam0/drivers/system/clock/clock_samd20/clock.o
 .debug_frame   0x00000754      0x14c src/ASF/sam0/drivers/system/clock/clock_samd20/gclk.o
 .debug_frame   0x000008a0       0x7c src/ASF/sam0/drivers/system/pinmux/pinmux.o
 .debug_frame   0x0000091c       0x38 src/ASF/sam0/drivers/system/system.o
 .debug_frame   0x00000954       0x38 src/ASF/sam0/utils/cmsis/samd20/source/gcc/startup_samd20.o
 .debug_frame   0x0000098c       0xa8 src/ASF/sam0/utils/syscalls/gcc/syscalls.o
 .debug_frame   0x00000a34      0x1b8 src/main.o
 .debug_frame   0x00000bec       0x20 c:/program files (x86)/atmel/atmel toolchain/arm gcc/native/4.8.1443/arm-gnu-toolchain/bin/../lib/gcc/arm-none-eabi/4.8.4/armv6-m\libgcc.a(_udivsi3.o)
 .debug_frame   0x00000c0c       0x30 c:/program files (x86)/atmel/atmel toolchain/arm gcc/native/4.8.1443/arm-gnu-toolchain/bin/../lib/gcc/arm-none-eabi/4.8.4/armv6-m\libgcc.a(_muldi3.o)
 .debug_frame   0x00000c3c       0x40 c:/program files (x86)/atmel/atmel toolchain/arm gcc/native/4.8.1443/arm-gnu-toolchain/bin/../lib/gcc/arm-none-eabi/4.8.4/../../../../arm-none-eabi/lib/armv6-m\libc_s.a(lib_a-atoi.o)
 .debug_frame   0x00000c7c       0x2c c:/program files (x86)/atmel/atmel toolchain/arm gcc/native/4.8.1443/arm-gnu-toolchain/bin/../lib/gcc/arm-none-eabi/4.8.4/../../../../arm-none-eabi/lib/armv6-m\libc_s.a(lib_a-init.o)
 .debug_frame   0x00000ca8       0x28 c:/program files (x86)/atmel/atmel toolchain/arm gcc/native/4.8.1443/arm-gnu-toolchain/bin/../lib/gcc/arm-none-eabi/4.8.4/../../../../arm-none-eabi/lib/armv6-m\libc_s.a(lib_a-memcpy-stub.o)
 .debug_frame   0x00000cd0       0x4c c:/program files (x86)/atmel/atmel toolchain/arm gcc/native/4.8.1443/arm-gnu-toolchain/bin/../lib/gcc/arm-none-eabi/4.8.4/../../../../arm-none-eabi/lib/armv6-m\libc_s.a(lib_a-sprintf.o)
 .debug_frame   0x00000d1c       0x30 c:/program files (x86)/atmel/atmel toolchain/arm gcc/native/4.8.1443/arm-gnu-toolchain/bin/../lib/gcc/arm-none-eabi/4.8.4/../../../../arm-none-eabi/lib/armv6-m\libc_s.a(lib_a-strtok.o)
 .debug_frame   0x00000d4c       0x48 c:/program files (x86)/atmel/atmel toolchain/arm gcc/native/4.8.1443/arm-gnu-toolchain/bin/../lib/gcc/arm-none-eabi/4.8.4/../../../../arm-none-eabi/lib/armv6-m\libc_s.a(lib_a-strtok_r.o)
 .debug_frame   0x00000d94       0x4c c:/program files (x86)/atmel/atmel toolchain/arm gcc/native/4.8.1443/arm-gnu-toolchain/bin/../lib/gcc/arm-none-eabi/4.8.4/../../../../arm-none-eabi/lib/armv6-m\libc_s.a(lib_a-strtol.o)
 .debug_frame   0x00000de0       0x74 c:/program files (x86)/atmel/atmel toolchain/arm gcc/native/4.8.1443/arm-gnu-toolchain/bin/../lib/gcc/arm-none-eabi/4.8.4/../../../../arm-none-eabi/lib/armv6-m\libc_s.a(lib_a-svfprintf.o)
 .debug_frame   0x00000e54       0x54 c:/program files (x86)/atmel/atmel toolchain/arm gcc/native/4.8.1443/arm-gnu-toolchain/bin/../lib/gcc/arm-none-eabi/4.8.4/../../../../arm-none-eabi/lib/armv6-m\libc_s.a(lib_a-vfprintf_i.o)
 .debug_frame   0x00000ea8      0x148 c:/program files (x86)/atmel/atmel toolchain/arm gcc/native/4.8.1443/arm-gnu-toolchain/bin/../lib/gcc/arm-none-eabi/4.8.4/../../../../arm-none-eabi/lib/armv6-m\libc_s.a(lib_a-findfp.o)
 .debug_frame   0x00000ff0       0x40 c:/program files (x86)/atmel/atmel toolchain/arm gcc/native/4.8.1443/arm-gnu-toolchain/bin/../lib/gcc/arm-none-eabi/4.8.4/../../../../arm-none-eabi/lib/armv6-m\libc_s.a(lib_a-malloc.o)
 .debug_frame   0x00001030       0x20 c:/program files (x86)/atmel/atmel toolchain/arm gcc/native/4.8.1443/arm-gnu-toolchain/bin/../lib/gcc/arm-none-eabi/4.8.4/../../../../arm-none-eabi/lib/armv6-m\libc_s.a(lib_a-memchr-stub.o)
 .debug_frame   0x00001050       0x2c c:/program files (x86)/atmel/atmel toolchain/arm gcc/native/4.8.1443/arm-gnu-toolchain/bin/../lib/gcc/arm-none-eabi/4.8.4/../../../../arm-none-eabi/lib/armv6-m\libc_s.a(lib_a-memmove.o)
 .debug_frame   0x0000107c       0x2c c:/program files (x86)/atmel/atmel toolchain/arm gcc/native/4.8.1443/arm-gnu-toolchain/bin/../lib/gcc/arm-none-eabi/4.8.4/../../../../arm-none-eabi/lib/armv6-m\libc_s.a(lib_a-nano-freer.o)
 .debug_frame   0x000010a8       0x2c c:/program files (x86)/atmel/atmel toolchain/arm gcc/native/4.8.1443/arm-gnu-toolchain/bin/../lib/gcc/arm-none-eabi/4.8.4/../../../../arm-none-eabi/lib/armv6-m\libc_s.a(lib_a-nano-mallocr.o)
 .debug_frame   0x000010d4       0x30 c:/program files (x86)/atmel/atmel toolchain/arm gcc/native/4.8.1443/arm-gnu-toolchain/bin/../lib/gcc/arm-none-eabi/4.8.4/../../../../arm-none-eabi/lib/armv6-m\libc_s.a(lib_a-nano-reallocr.o)
 .debug_frame   0x00001104       0x2c c:/program files (x86)/atmel/atmel toolchain/arm gcc/native/4.8.1443/arm-gnu-toolchain/bin/../lib/gcc/arm-none-eabi/4.8.4/../../../../arm-none-eabi/lib/armv6-m\libc_s.a(lib_a-sbrkr.o)
 .debug_frame   0x00001130       0x20 c:/program files (x86)/atmel/atmel toolchain/arm gcc/native/4.8.1443/arm-gnu-toolchain/bin/../lib/gcc/arm-none-eabi/4.8.4/../../../../arm-none-eabi/lib/armv6-m\libc_s.a(lib_a-strlen.o)
 .debug_frame   0x00001150       0x20 c:/program files (x86)/atmel/atmel toolchain/arm gcc/native/4.8.1443/arm-gnu-toolchain/bin/../lib/gcc/arm-none-eabi/4.8.4/../../../../arm-none-eabi/lib/armv6-m\libc_s.a(lib_a-nano-msizer.o)
 .debug_frame   0x00001170       0x48 c:/program files (x86)/atmel/atmel toolchain/arm gcc/native/4.8.1443/arm-gnu-toolchain/bin/../lib/gcc/arm-none-eabi/4.8.4/../../../../arm-none-eabi/lib/armv6-m\libc_s.a(lib_a-reent.o)

Cross Reference Table

Symbol                                            File
AC_Handler                                        src/ASF/sam0/utils/cmsis/samd20/source/gcc/startup_samd20.o
ADC_Handler                                       src/ASF/sam0/utils/cmsis/samd20/source/gcc/startup_samd20.o
DAC_Handler                                       src/ASF/sam0/utils/cmsis/samd20/source/gcc/startup_samd20.o
Dummy_Handler                                     src/ASF/sam0/utils/cmsis/samd20/source/gcc/startup_samd20.o
EIC_Handler                                       src/ASF/sam0/utils/cmsis/samd20/source/gcc/startup_samd20.o
EVSYS_Handler                                     src/ASF/sam0/utils/cmsis/samd20/source/gcc/startup_samd20.o
HardFault_Handler                                 src/ASF/sam0/utils/cmsis/samd20/source/gcc/startup_samd20.o
NMI_Handler                                       src/ASF/sam0/utils/cmsis/samd20/source/gcc/startup_samd20.o
NVMCTRL_Handler                                   src/ASF/sam0/utils/cmsis/samd20/source/gcc/startup_samd20.o
PM_Handler                                        src/ASF/sam0/utils/cmsis/samd20/source/gcc/startup_samd20.o
PTC_Handler                                       src/ASF/sam0/utils/cmsis/samd20/source/gcc/startup_samd20.o
PendSV_Handler                                    src/ASF/sam0/utils/cmsis/samd20/source/gcc/startup_samd20.o
RTC_Handler                                       src/ASF/sam0/utils/cmsis/samd20/source/gcc/startup_samd20.o
Reset_Handler                                     src/ASF/sam0/utils/cmsis/samd20/source/gcc/startup_samd20.o
SERCOM0_Handler                                   src/ASF/sam0/drivers/sercom/sercom_interrupt.o
SERCOM1_Handler                                   src/ASF/sam0/drivers/sercom/sercom_interrupt.o
SERCOM2_Handler                                   src/ASF/sam0/drivers/sercom/sercom_interrupt.o
SERCOM3_Handler                                   src/ASF/sam0/drivers/sercom/sercom_interrupt.o
SERCOM4_Handler                                   src/ASF/sam0/drivers/sercom/sercom_interrupt.o
SERCOM5_Handler                                   src/ASF/sam0/drivers/sercom/sercom_interrupt.o
SVC_Handler                                       src/ASF/sam0/utils/cmsis/samd20/source/gcc/startup_samd20.o
SYSCTRL_Handler                                   src/ASF/sam0/utils/cmsis/samd20/source/gcc/startup_samd20.o
SysTick_Handler                                   src/ASF/sam0/utils/cmsis/samd20/source/gcc/startup_samd20.o
SystemCoreClock                                   src/ASF/sam0/utils/cmsis/samd20/source/system_samd20.o
SystemCoreClockUpdate                             src/ASF/sam0/utils/cmsis/samd20/source/system_samd20.o
SystemInit                                        src/ASF/sam0/utils/cmsis/samd20/source/system_samd20.o
TC0_Handler                                       src/ASF/sam0/drivers/tc/tc_interrupt.o
TC1_Handler                                       src/ASF/sam0/drivers/tc/tc_interrupt.o
TC2_Handler                                       src/ASF/sam0/drivers/tc/tc_interrupt.o
TC3_Handler                                       src/ASF/sam0/drivers/tc/tc_interrupt.o
TC4_Handler                                       src/ASF/sam0/drivers/tc/tc_interrupt.o
TC5_Handler                                       src/ASF/sam0/drivers/tc/tc_interrupt.o
TC6_Handler                                       src/ASF/sam0/drivers/tc/tc_interrupt.o
TC7_Handler                                       src/ASF/sam0/drivers/tc/tc_interrupt.o
WDT_Handler                                       src/ASF/sam0/utils/cmsis/samd20/source/gcc/startup_samd20.o
_Jv_RegisterClasses                               c:/program files (x86)/atmel/atmel toolchain/arm gcc/native/4.8.1443/arm-gnu-toolchain/bin/../lib/gcc/arm-none-eabi/4.8.4/armv6-m/crtbegin.o
__aeabi_idiv                                      c:/program files (x86)/atmel/atmel toolchain/arm gcc/native/4.8.1443/arm-gnu-toolchain/bin/../lib/gcc/arm-none-eabi/4.8.4/armv6-m\libgcc.a(_divsi3.o)
                                                  c:/program files (x86)/atmel/atmel toolchain/arm gcc/native/4.8.1443/arm-gnu-toolchain/bin/../lib/gcc/arm-none-eabi/4.8.4/../../../../arm-none-eabi/lib/armv6-m\libc_s.a(lib_a-fvwrite.o)
__aeabi_idiv0                                     c:/program files (x86)/atmel/atmel toolchain/arm gcc/native/4.8.1443/arm-gnu-toolchain/bin/../lib/gcc/arm-none-eabi/4.8.4/armv6-m\libgcc.a(_dvmd_tls.o)
                                                  c:/program files (x86)/atmel/atmel toolchain/arm gcc/native/4.8.1443/arm-gnu-toolchain/bin/../lib/gcc/arm-none-eabi/4.8.4/armv6-m\libgcc.a(_divsi3.o)
                                                  c:/program files (x86)/atmel/atmel toolchain/arm gcc/native/4.8.1443/arm-gnu-toolchain/bin/../lib/gcc/arm-none-eabi/4.8.4/armv6-m\libgcc.a(_udivsi3.o)
__aeabi_idivmod                                   c:/program files (x86)/atmel/atmel toolchain/arm gcc/native/4.8.1443/arm-gnu-toolchain/bin/../lib/gcc/arm-none-eabi/4.8.4/armv6-m\libgcc.a(_divsi3.o)
__aeabi_ldiv0                                     c:/program files (x86)/atmel/atmel toolchain/arm gcc/native/4.8.1443/arm-gnu-toolchain/bin/../lib/gcc/arm-none-eabi/4.8.4/armv6-m\libgcc.a(_dvmd_tls.o)
__aeabi_lmul                                      c:/program files (x86)/atmel/atmel toolchain/arm gcc/native/4.8.1443/arm-gnu-toolchain/bin/../lib/gcc/arm-none-eabi/4.8.4/armv6-m\libgcc.a(_muldi3.o)
                                                  src/ASF/sam0/drivers/sercom/sercom.o
__aeabi_uidiv                                     c:/program files (x86)/atmel/atmel toolchain/arm gcc/native/4.8.1443/arm-gnu-toolchain/bin/../lib/gcc/arm-none-eabi/4.8.4/armv6-m\libgcc.a(_udivsi3.o)
                                                  c:/program files (x86)/atmel/atmel toolchain/arm gcc/native/4.8.1443/arm-gnu-toolchain/bin/../lib/gcc/arm-none-eabi/4.8.4/../../../../arm-none-eabi/lib/armv6-m\libc_s.a(lib_a-vfprintf_i.o)
                                                  c:/program files (x86)/atmel/atmel toolchain/arm gcc/native/4.8.1443/arm-gnu-toolchain/bin/../lib/gcc/arm-none-eabi/4.8.4/../../../../arm-none-eabi/lib/armv6-m\libc_s.a(lib_a-strtol.o)
                                                  src/ASF/sam0/drivers/system/clock/clock_samd20/gclk.o
                                                  src/ASF/common2/services/delay/sam0/systick_counter.o
__aeabi_uidivmod                                  c:/program files (x86)/atmel/atmel toolchain/arm gcc/native/4.8.1443/arm-gnu-toolchain/bin/../lib/gcc/arm-none-eabi/4.8.4/armv6-m\libgcc.a(_udivsi3.o)
                                                  c:/program files (x86)/atmel/atmel toolchain/arm gcc/native/4.8.1443/arm-gnu-toolchain/bin/../lib/gcc/arm-none-eabi/4.8.4/../../../../arm-none-eabi/lib/armv6-m\libc_s.a(lib_a-vfprintf_i.o)
                                                  c:/program files (x86)/atmel/atmel toolchain/arm gcc/native/4.8.1443/arm-gnu-toolchain/bin/../lib/gcc/arm-none-eabi/4.8.4/../../../../arm-none-eabi/lib/armv6-m\libc_s.a(lib_a-strtol.o)
__bss_end__                                       c:/program files (x86)/atmel/atmel toolchain/arm gcc/native/4.8.1443/arm-gnu-toolchain/bin/../lib/gcc/arm-none-eabi/4.8.4/../../../../arm-none-eabi/lib/armv6-m/crt0.o
__bss_start__                                     c:/program files (x86)/atmel/atmel toolchain/arm gcc/native/4.8.1443/arm-gnu-toolchain/bin/../lib/gcc/arm-none-eabi/4.8.4/../../../../arm-none-eabi/lib/armv6-m/crt0.o
__call_exitprocs                                  c:/program files (x86)/atmel/atmel toolchain/arm gcc/native/4.8.1443/arm-gnu-toolchain/bin/../lib/gcc/arm-none-eabi/4.8.4/../../../../arm-none-eabi/lib/armv6-m\libc_s.a(lib_a-exit.o)
__ctype_ptr__                                     c:/program files (x86)/atmel/atmel toolchain/arm gcc/native/4.8.1443/arm-gnu-toolchain/bin/../lib/gcc/arm-none-eabi/4.8.4/../../../../arm-none-eabi/lib/armv6-m\libc_s.a(lib_a-ctype_.o)
                                                  c:/program files (x86)/atmel/atmel toolchain/arm gcc/native/4.8.1443/arm-gnu-toolchain/bin/../lib/gcc/arm-none-eabi/4.8.4/../../../../arm-none-eabi/lib/armv6-m\libc_s.a(lib_a-strtol.o)
__deregister_frame_info                           c:/program files (x86)/atmel/atmel toolchain/arm gcc/native/4.8.1443/arm-gnu-toolchain/bin/../lib/gcc/arm-none-eabi/4.8.4/armv6-m/crtbegin.o
__divsi3                                          c:/program files (x86)/atmel/atmel toolchain/arm gcc/native/4.8.1443/arm-gnu-toolchain/bin/../lib/gcc/arm-none-eabi/4.8.4/armv6-m\libgcc.a(_divsi3.o)
__dso_handle                                      c:/program files (x86)/atmel/atmel toolchain/arm gcc/native/4.8.1443/arm-gnu-toolchain/bin/../lib/gcc/arm-none-eabi/4.8.4/armv6-m/crtbegin.o
__fp_lock_all                                     c:/program files (x86)/atmel/atmel toolchain/arm gcc/native/4.8.1443/arm-gnu-toolchain/bin/../lib/gcc/arm-none-eabi/4.8.4/../../../../arm-none-eabi/lib/armv6-m\libc_s.a(lib_a-findfp.o)
__fp_unlock_all                                   c:/program files (x86)/atmel/atmel toolchain/arm gcc/native/4.8.1443/arm-gnu-toolchain/bin/../lib/gcc/arm-none-eabi/4.8.4/../../../../arm-none-eabi/lib/armv6-m\libc_s.a(lib_a-findfp.o)
__init_array_end                                  c:/program files (x86)/atmel/atmel toolchain/arm gcc/native/4.8.1443/arm-gnu-toolchain/bin/../lib/gcc/arm-none-eabi/4.8.4/../../../../arm-none-eabi/lib/armv6-m\libc_s.a(lib_a-init.o)
__init_array_start                                c:/program files (x86)/atmel/atmel toolchain/arm gcc/native/4.8.1443/arm-gnu-toolchain/bin/../lib/gcc/arm-none-eabi/4.8.4/../../../../arm-none-eabi/lib/armv6-m\libc_s.a(lib_a-init.o)
__libc_fini_array                                 c:/program files (x86)/atmel/atmel toolchain/arm gcc/native/4.8.1443/arm-gnu-toolchain/bin/../lib/gcc/arm-none-eabi/4.8.4/../../../../arm-none-eabi/lib/armv6-m/crt0.o
__libc_init_array                                 c:/program files (x86)/atmel/atmel toolchain/arm gcc/native/4.8.1443/arm-gnu-toolchain/bin/../lib/gcc/arm-none-eabi/4.8.4/../../../../arm-none-eabi/lib/armv6-m\libc_s.a(lib_a-init.o)
                                                  src/ASF/sam0/utils/cmsis/samd20/source/gcc/startup_samd20.o
                                                  c:/program files (x86)/atmel/atmel toolchain/arm gcc/native/4.8.1443/arm-gnu-toolchain/bin/../lib/gcc/arm-none-eabi/4.8.4/../../../../arm-none-eabi/lib/armv6-m/crt0.o
__malloc_free_list                                c:/program files (x86)/atmel/atmel toolchain/arm gcc/native/4.8.1443/arm-gnu-toolchain/bin/../lib/gcc/arm-none-eabi/4.8.4/../../../../arm-none-eabi/lib/armv6-m\libc_s.a(lib_a-nano-mallocr.o)
                                                  c:/program files (x86)/atmel/atmel toolchain/arm gcc/native/4.8.1443/arm-gnu-toolchain/bin/../lib/gcc/arm-none-eabi/4.8.4/../../../../arm-none-eabi/lib/armv6-m\libc_s.a(lib_a-nano-freer.o)
__malloc_sbrk_start                               c:/program files (x86)/atmel/atmel toolchain/arm gcc/native/4.8.1443/arm-gnu-toolchain/bin/../lib/gcc/arm-none-eabi/4.8.4/../../../../arm-none-eabi/lib/armv6-m\libc_s.a(lib_a-nano-mallocr.o)
__muldi3                                          c:/program files (x86)/atmel/atmel toolchain/arm gcc/native/4.8.1443/arm-gnu-toolchain/bin/../lib/gcc/arm-none-eabi/4.8.4/armv6-m\libgcc.a(_muldi3.o)
__preinit_array_end                               c:/program files (x86)/atmel/atmel toolchain/arm gcc/native/4.8.1443/arm-gnu-toolchain/bin/../lib/gcc/arm-none-eabi/4.8.4/../../../../arm-none-eabi/lib/armv6-m\libc_s.a(lib_a-init.o)
__preinit_array_start                             c:/program files (x86)/atmel/atmel toolchain/arm gcc/native/4.8.1443/arm-gnu-toolchain/bin/../lib/gcc/arm-none-eabi/4.8.4/../../../../arm-none-eabi/lib/armv6-m\libc_s.a(lib_a-init.o)
__register_frame_info                             c:/program files (x86)/atmel/atmel toolchain/arm gcc/native/4.8.1443/arm-gnu-toolchain/bin/../lib/gcc/arm-none-eabi/4.8.4/armv6-m/crtbegin.o
__sclose                                          c:/program files (x86)/atmel/atmel toolchain/arm gcc/native/4.8.1443/arm-gnu-toolchain/bin/../lib/gcc/arm-none-eabi/4.8.4/../../../../arm-none-eabi/lib/armv6-m\libc_s.a(lib_a-stdio.o)
                                                  c:/program files (x86)/atmel/atmel toolchain/arm gcc/native/4.8.1443/arm-gnu-toolchain/bin/../lib/gcc/arm-none-eabi/4.8.4/../../../../arm-none-eabi/lib/armv6-m\libc_s.a(lib_a-findfp.o)
__seofread                                        c:/program files (x86)/atmel/atmel toolchain/arm gcc/native/4.8.1443/arm-gnu-toolchain/bin/../lib/gcc/arm-none-eabi/4.8.4/../../../../arm-none-eabi/lib/armv6-m\libc_s.a(lib_a-stdio.o)
__sf_fake_stderr                                  c:/program files (x86)/atmel/atmel toolchain/arm gcc/native/4.8.1443/arm-gnu-toolchain/bin/../lib/gcc/arm-none-eabi/4.8.4/../../../../arm-none-eabi/lib/armv6-m\libc_s.a(lib_a-findfp.o)
                                                  c:/program files (x86)/atmel/atmel toolchain/arm gcc/native/4.8.1443/arm-gnu-toolchain/bin/../lib/gcc/arm-none-eabi/4.8.4/../../../../arm-none-eabi/lib/armv6-m\libc_s.a(lib_a-fflush.o)
                                                  c:/program files (x86)/atmel/atmel toolchain/arm gcc/native/4.8.1443/arm-gnu-toolchain/bin/../lib/gcc/arm-none-eabi/4.8.4/../../../../arm-none-eabi/lib/armv6-m\libc_s.a(lib_a-wsetup.o)
                                                  c:/program files (x86)/atmel/atmel toolchain/arm gcc/native/4.8.1443/arm-gnu-toolchain/bin/../lib/gcc/arm-none-eabi/4.8.4/../../../../arm-none-eabi/lib/armv6-m\libc_s.a(lib_a-wbuf.o)
                                                  c:/program files (x86)/atmel/atmel toolchain/arm gcc/native/4.8.1443/arm-gnu-toolchain/bin/../lib/gcc/arm-none-eabi/4.8.4/../../../../arm-none-eabi/lib/armv6-m\libc_s.a(lib_a-vfprintf.o)
                                                  c:/program files (x86)/atmel/atmel toolchain/arm gcc/native/4.8.1443/arm-gnu-toolchain/bin/../lib/gcc/arm-none-eabi/4.8.4/../../../../arm-none-eabi/lib/armv6-m\libc_s.a(lib_a-impure.o)
__sf_fake_stdin                                   c:/program files (x86)/atmel/atmel toolchain/arm gcc/native/4.8.1443/arm-gnu-toolchain/bin/../lib/gcc/arm-none-eabi/4.8.4/../../../../arm-none-eabi/lib/armv6-m\libc_s.a(lib_a-findfp.o)
                                                  c:/program files (x86)/atmel/atmel toolchain/arm gcc/native/4.8.1443/arm-gnu-toolchain/bin/../lib/gcc/arm-none-eabi/4.8.4/../../../../arm-none-eabi/lib/armv6-m\libc_s.a(lib_a-fflush.o)
                                                  c:/program files (x86)/atmel/atmel toolchain/arm gcc/native/4.8.1443/arm-gnu-toolchain/bin/../lib/gcc/arm-none-eabi/4.8.4/../../../../arm-none-eabi/lib/armv6-m\libc_s.a(lib_a-wsetup.o)
                                                  c:/program files (x86)/atmel/atmel toolchain/arm gcc/native/4.8.1443/arm-gnu-toolchain/bin/../lib/gcc/arm-none-eabi/4.8.4/../../../../arm-none-eabi/lib/armv6-m\libc_s.a(lib_a-wbuf.o)
                                                  c:/program files (x86)/atmel/atmel toolchain/arm gcc/native/4.8.1443/arm-gnu-toolchain/bin/../lib/gcc/arm-none-eabi/4.8.4/../../../../arm-none-eabi/lib/armv6-m\libc_s.a(lib_a-vfprintf.o)
                                                  c:/program files (x86)/atmel/atmel toolchain/arm gcc/native/4.8.1443/arm-gnu-toolchain/bin/../lib/gcc/arm-none-eabi/4.8.4/../../../../arm-none-eabi/lib/armv6-m\libc_s.a(lib_a-impure.o)
__sf_fake_stdout                                  c:/program files (x86)/atmel/atmel toolchain/arm gcc/native/4.8.1443/arm-gnu-toolchain/bin/../lib/gcc/arm-none-eabi/4.8.4/../../../../arm-none-eabi/lib/armv6-m\libc_s.a(lib_a-findfp.o)
                                                  c:/program files (x86)/atmel/atmel toolchain/arm gcc/native/4.8.1443/arm-gnu-toolchain/bin/../lib/gcc/arm-none-eabi/4.8.4/../../../../arm-none-eabi/lib/armv6-m\libc_s.a(lib_a-fflush.o)
                                                  c:/program files (x86)/atmel/atmel toolchain/arm gcc/native/4.8.1443/arm-gnu-toolchain/bin/../lib/gcc/arm-none-eabi/4.8.4/../../../../arm-none-eabi/lib/armv6-m\libc_s.a(lib_a-wsetup.o)
                                                  c:/program files (x86)/atmel/atmel toolchain/arm gcc/native/4.8.1443/arm-gnu-toolchain/bin/../lib/gcc/arm-none-eabi/4.8.4/../../../../arm-none-eabi/lib/armv6-m\libc_s.a(lib_a-wbuf.o)
                                                  c:/program files (x86)/atmel/atmel toolchain/arm gcc/native/4.8.1443/arm-gnu-toolchain/bin/../lib/gcc/arm-none-eabi/4.8.4/../../../../arm-none-eabi/lib/armv6-m\libc_s.a(lib_a-vfprintf.o)
                                                  c:/program files (x86)/atmel/atmel toolchain/arm gcc/native/4.8.1443/arm-gnu-toolchain/bin/../lib/gcc/arm-none-eabi/4.8.4/../../../../arm-none-eabi/lib/armv6-m\libc_s.a(lib_a-impure.o)
__sflush_r                                        c:/program files (x86)/atmel/atmel toolchain/arm gcc/native/4.8.1443/arm-gnu-toolchain/bin/../lib/gcc/arm-none-eabi/4.8.4/../../../../arm-none-eabi/lib/armv6-m\libc_s.a(lib_a-fflush.o)
__sfmoreglue                                      c:/program files (x86)/atmel/atmel toolchain/arm gcc/native/4.8.1443/arm-gnu-toolchain/bin/../lib/gcc/arm-none-eabi/4.8.4/../../../../arm-none-eabi/lib/armv6-m\libc_s.a(lib_a-findfp.o)
__sfp                                             c:/program files (x86)/atmel/atmel toolchain/arm gcc/native/4.8.1443/arm-gnu-toolchain/bin/../lib/gcc/arm-none-eabi/4.8.4/../../../../arm-none-eabi/lib/armv6-m\libc_s.a(lib_a-findfp.o)
__sfp_lock_acquire                                c:/program files (x86)/atmel/atmel toolchain/arm gcc/native/4.8.1443/arm-gnu-toolchain/bin/../lib/gcc/arm-none-eabi/4.8.4/../../../../arm-none-eabi/lib/armv6-m\libc_s.a(lib_a-findfp.o)
__sfp_lock_release                                c:/program files (x86)/atmel/atmel toolchain/arm gcc/native/4.8.1443/arm-gnu-toolchain/bin/../lib/gcc/arm-none-eabi/4.8.4/../../../../arm-none-eabi/lib/armv6-m\libc_s.a(lib_a-findfp.o)
__sfputs_r                                        c:/program files (x86)/atmel/atmel toolchain/arm gcc/native/4.8.1443/arm-gnu-toolchain/bin/../lib/gcc/arm-none-eabi/4.8.4/../../../../arm-none-eabi/lib/armv6-m\libc_s.a(lib_a-vfprintf.o)
__sfvwrite_r                                      c:/program files (x86)/atmel/atmel toolchain/arm gcc/native/4.8.1443/arm-gnu-toolchain/bin/../lib/gcc/arm-none-eabi/4.8.4/../../../../arm-none-eabi/lib/armv6-m\libc_s.a(lib_a-fvwrite.o)
                                                  c:/program files (x86)/atmel/atmel toolchain/arm gcc/native/4.8.1443/arm-gnu-toolchain/bin/../lib/gcc/arm-none-eabi/4.8.4/../../../../arm-none-eabi/lib/armv6-m\libc_s.a(lib_a-vfprintf.o)